Archive member included to satisfy reference by file (symbol)

c:/program files (x86)/atmel/studio/7.0/toolchain/avr8/avr8-gnu-toolchain/bin/../lib/gcc/avr/5.4.0/../../../../avr/lib/avr6\libm.a(fixsfsi.o)
                              TerrariumFiles/temperature_Sensor.o (__fixsfsi)
c:/program files (x86)/atmel/studio/7.0/toolchain/avr8/avr8-gnu-toolchain/bin/../lib/gcc/avr/5.4.0/../../../../avr/lib/avr6\libm.a(fixunssfsi.o)
                              c:/program files (x86)/atmel/studio/7.0/toolchain/avr8/avr8-gnu-toolchain/bin/../lib/gcc/avr/5.4.0/../../../../avr/lib/avr6\libm.a(fixsfsi.o) (__fixunssfsi)
c:/program files (x86)/atmel/studio/7.0/toolchain/avr8/avr8-gnu-toolchain/bin/../lib/gcc/avr/5.4.0/../../../../avr/lib/avr6\libm.a(fp_split3.o)
                              c:/program files (x86)/atmel/studio/7.0/toolchain/avr8/avr8-gnu-toolchain/bin/../lib/gcc/avr/5.4.0/../../../../avr/lib/avr6\libm.a(fixunssfsi.o) (__fp_splitA)
c:/program files (x86)/atmel/studio/7.0/toolchain/avr8/avr8-gnu-toolchain/bin/../lib/gcc/avr/5.4.0/../../../../avr/lib/avr6\libm.a(fp_zero.o)
                              c:/program files (x86)/atmel/studio/7.0/toolchain/avr8/avr8-gnu-toolchain/bin/../lib/gcc/avr/5.4.0/../../../../avr/lib/avr6\libm.a(fixunssfsi.o) (__fp_zero)
../drivers\libIotLibrary.a(hih8120.o)
                              TerrariumFiles/temperature_Sensor.o (hih8120_wakeup)
../drivers\libIotLibrary.a(lora_driver.o)
                              TerrariumFiles/loRaWanHandler.o (lora_driver_flushBuffers)
../drivers\libIotLibrary.a(lora_driver_utils.o)
                              ../drivers\libIotLibrary.a(lora_driver.o) (decode_port_no)
../drivers\libIotLibrary.a(serial.o)
                              ../drivers\libIotLibrary.a(lora_driver.o) (serial_create)
../drivers\libIotLibrary.a(stdio_driver.o)
                              main.o (stdio_initialise)
../drivers\libIotLibrary.a(status_leds.o)
                              TerrariumFiles/loRaWanHandler.o (status_leds_slowBlink)
../drivers\libIotLibrary.a(twi.o)
                              ../drivers\libIotLibrary.a(hih8120.o) (twiCreate)
../drivers\libIotLibrary.a(fifo.o)
                              ../drivers\libIotLibrary.a(serial.o) (fifo_init)
c:/program files (x86)/atmel/studio/7.0/toolchain/avr8/avr8-gnu-toolchain/bin/../lib/gcc/avr/5.4.0/../../../../avr/lib/avr6\libm.a(addsf3.o)
                              ../drivers\libIotLibrary.a(hih8120.o) (__subsf3)
c:/program files (x86)/atmel/studio/7.0/toolchain/avr8/avr8-gnu-toolchain/bin/../lib/gcc/avr/5.4.0/../../../../avr/lib/avr6\libm.a(addsf3x.o)
                              c:/program files (x86)/atmel/studio/7.0/toolchain/avr8/avr8-gnu-toolchain/bin/../lib/gcc/avr/5.4.0/../../../../avr/lib/avr6\libm.a(addsf3.o) (__addsf3x)
c:/program files (x86)/atmel/studio/7.0/toolchain/avr8/avr8-gnu-toolchain/bin/../lib/gcc/avr/5.4.0/../../../../avr/lib/avr6\libm.a(divsf3.o)
                              ../drivers\libIotLibrary.a(hih8120.o) (__divsf3)
c:/program files (x86)/atmel/studio/7.0/toolchain/avr8/avr8-gnu-toolchain/bin/../lib/gcc/avr/5.4.0/../../../../avr/lib/avr6\libm.a(divsf3x.o)
                              c:/program files (x86)/atmel/studio/7.0/toolchain/avr8/avr8-gnu-toolchain/bin/../lib/gcc/avr/5.4.0/../../../../avr/lib/avr6\libm.a(divsf3.o) (__divsf3x)
c:/program files (x86)/atmel/studio/7.0/toolchain/avr8/avr8-gnu-toolchain/bin/../lib/gcc/avr/5.4.0/../../../../avr/lib/avr6\libm.a(floatsisf.o)
                              ../drivers\libIotLibrary.a(hih8120.o) (__floatunsisf)
c:/program files (x86)/atmel/studio/7.0/toolchain/avr8/avr8-gnu-toolchain/bin/../lib/gcc/avr/5.4.0/../../../../avr/lib/avr6\libm.a(fp_inf.o)
                              c:/program files (x86)/atmel/studio/7.0/toolchain/avr8/avr8-gnu-toolchain/bin/../lib/gcc/avr/5.4.0/../../../../avr/lib/avr6\libm.a(addsf3x.o) (__fp_inf)
c:/program files (x86)/atmel/studio/7.0/toolchain/avr8/avr8-gnu-toolchain/bin/../lib/gcc/avr/5.4.0/../../../../avr/lib/avr6\libm.a(fp_nan.o)
                              c:/program files (x86)/atmel/studio/7.0/toolchain/avr8/avr8-gnu-toolchain/bin/../lib/gcc/avr/5.4.0/../../../../avr/lib/avr6\libm.a(addsf3x.o) (__fp_nan)
c:/program files (x86)/atmel/studio/7.0/toolchain/avr8/avr8-gnu-toolchain/bin/../lib/gcc/avr/5.4.0/../../../../avr/lib/avr6\libm.a(fp_pscA.o)
                              c:/program files (x86)/atmel/studio/7.0/toolchain/avr8/avr8-gnu-toolchain/bin/../lib/gcc/avr/5.4.0/../../../../avr/lib/avr6\libm.a(addsf3x.o) (__fp_pscA)
c:/program files (x86)/atmel/studio/7.0/toolchain/avr8/avr8-gnu-toolchain/bin/../lib/gcc/avr/5.4.0/../../../../avr/lib/avr6\libm.a(fp_pscB.o)
                              c:/program files (x86)/atmel/studio/7.0/toolchain/avr8/avr8-gnu-toolchain/bin/../lib/gcc/avr/5.4.0/../../../../avr/lib/avr6\libm.a(addsf3x.o) (__fp_pscB)
[...]
Memory Configuration

Name             Origin             Length             Attributes
text             0x00000000         0x00040000         xr
data             0x00800200         0x00002000         rw !x
eeprom           0x00810000         0x00001000         rw !x
fuse             0x00820000         0x00000003         rw !x
lock             0x00830000         0x00000400         rw !x
signature        0x00840000         0x00000400         rw !x
user_signatures  0x00850000         0x00000400         rw !x
*default*        0x00000000         0xffffffff

Linker script and memory map

Address of section .data set to 0x800200
LOAD C:/Program Files (x86)/Atmel/Studio/7.0/Packs/Atmel/ATmega_DFP/1.7.374/gcc/dev/atmega2560/avr6/crtatmega2560.o
LOAD FreeRTOS/FreeRTOSTraceDriver/FreeRTOSTraceDriver.o
LOAD FreeRTOS/src/croutine.o
LOAD FreeRTOS/src/event_groups.o
LOAD FreeRTOS/src/heap_4.o
LOAD FreeRTOS/src/list.o
LOAD FreeRTOS/src/port.o
LOAD FreeRTOS/src/queue.o
LOAD FreeRTOS/src/stream_buffer.o
LOAD FreeRTOS/src/tasks.o
LOAD FreeRTOS/src/timers.o
LOAD FreeRTOS/src/variantHooks.o
LOAD main.o
LOAD TerrariumFiles/loRaWanHandler.o
LOAD TerrariumFiles/temperature_Sensor.o
START GROUP
LOAD c:/program files (x86)/atmel/studio/7.0/toolchain/avr8/avr8-gnu-toolchain/bin/../lib/gcc/avr/5.4.0/../../../../avr/lib/avr6\libm.a
LOAD ../drivers\libIotLibrary.a
END GROUP
START GROUP
LOAD c:/program files (x86)/atmel/studio/7.0/toolchain/avr8/avr8-gnu-toolchain/bin/../lib/gcc/avr/5.4.0/avr6\libgcc.a
LOAD c:/program files (x86)/atmel/studio/7.0/toolchain/avr8/avr8-gnu-toolchain/bin/../lib/gcc/avr/5.4.0/../../../../avr/lib/avr6\libm.a
LOAD c:/program files (x86)/atmel/studio/7.0/toolchain/avr8/avr8-gnu-toolchain/bin/../lib/gcc/avr/5.4.0/../../../../avr/lib/avr6\libc.a
LOAD C:/Program Files (x86)/Atmel/Studio/7.0/Packs/Atmel/ATmega_DFP/1.7.374/gcc/dev/atmega2560/avr6\libatmega2560.a
END GROUP
                0x00000000                __TEXT_REGION_ORIGIN__ = DEFINED (__TEXT_REGION_ORIGIN__)?__TEXT_REGION_ORIGIN__:0x0
                [0x00800200]                __DATA_REGION_ORIGIN__ = DEFINED (__DATA_REGION_ORIGIN__)?__DATA_REGION_ORIGIN__:0x800200
                [0x00040000]                __TEXT_REGION_LENGTH__ = DEFINED (__TEXT_REGION_LENGTH__)?__TEXT_REGION_LENGTH__:0x100000
                [0x00002000]                __DATA_REGION_LENGTH__ = DEFINED (__DATA_REGION_LENGTH__)?__DATA_REGION_LENGTH__:0xfe00
                [0x00001000]                __EEPROM_REGION_LENGTH__ = DEFINED (__EEPROM_REGION_LENGTH__)?__EEPROM_REGION_LENGTH__:0x10000
                [0x00000003]                __FUSE_REGION_LENGTH__ = DEFINED (__FUSE_REGION_LENGTH__)?__FUSE_REGION_LENGTH__:0x400
                0x00000400                __LOCK_REGION_LENGTH__ = DEFINED (__LOCK_REGION_LENGTH__)?__LOCK_REGION_LENGTH__:0x400
                0x00000400                __SIGNATURE_REGION_LENGTH__ = DEFINED (__SIGNATURE_REGION_LENGTH__)?__SIGNATURE_REGION_LENGTH__:0x400
                0x00000400                __USER_SIGNATURE_REGION_LENGTH__ = DEFINED (__USER_SIGNATURE_REGION_LENGTH__)?__USER_SIGNATURE_REGION_LENGTH__:0x400

.hash
 *(.hash)

.dynsym
 *(.dynsym)

.dynstr
 *(.dynstr)

.gnu.version
 *(.gnu.version)

.gnu.version_d
 *(.gnu.version_d)

.gnu.version_r
 *(.gnu.version_r)

.rel.init
 *(.rel.init)

.rela.init
 *(.rela.init)

.rel.text
 *(.rel.text)
 *(.rel.text.*)
 *(.rel.gnu.linkonce.t*)

.rela.text
 *(.rela.text)
 *(.rela.text.*)
 *(.rela.gnu.linkonce.t*)

.rel.fini
 *(.rel.fini)

.rela.fini
 *(.rela.fini)

.rel.rodata
 *(.rel.rodata)
 *(.rel.rodata.*)
 *(.rel.gnu.linkonce.r*)

.rela.rodata
 *(.rela.rodata)
 *(.rela.rodata.*)
 *(.rela.gnu.linkonce.r*)

.rel.data
 *(.rel.data)
 *(.rel.data.*)
 *(.rel.gnu.linkonce.d*)

.rela.data
 *(.rela.data)
 *(.rela.data.*)
 *(.rela.gnu.linkonce.d*)

.rel.ctors
 *(.rel.ctors)

.rela.ctors
 *(.rela.ctors)

.rel.dtors
 *(.rel.dtors)

.rela.dtors
 *(.rela.dtors)

.rel.got
 *(.rel.got)

.rela.got
 *(.rela.got)

.rel.bss
 *(.rel.bss)

.rela.bss
 *(.rela.bss)

.rel.plt
 *(.rel.plt)

.rela.plt
 *(.rela.plt)

.text           0x00000000     0x5446
 *(.vectors)
 .vectors       0x00000000       0xe4 C:/Program Files (x86)/Atmel/Studio/7.0/Packs/Atmel/ATmega_DFP/1.7.374/gcc/dev/atmega2560/avr6/crtatmega2560.o
                0x00000000                __vector_default
                0x00000000                __vectors
 *(.vectors)
 *(.progmem.gcc*)
 .progmem.gcc_sw_table.prvProcessReceivedCommands
                0x000000e4       0x14 FreeRTOS/src/timers.o
 .progmem.gcc_sw_table.__vector_39
                0x000000f8       0xa2 ../drivers\libIotLibrary.a(twi.o)
                0x0000019a                . = ALIGN (0x2)
                0x0000019a                __trampolines_start = .
 *(.trampolines)
 .trampolines   0x0000019a        0x0 linker stubs
 *(.trampolines*)
                0x0000019a                __trampolines_end = .
 *libprintf_flt.a:*(.progmem.data)
 *libc.a:*(.progmem.data)
 *(.progmem*)
                0x0000019a                . = ALIGN (0x2)
 *(.jumptables)
 *(.jumptables*)
 *(.lowtext)
 .lowtext       0x0000019a       0x14 FreeRTOS/src/tasks.o
 .lowtext       0x000001ae       0x1e FreeRTOS/src/timers.o
 *(.lowtext*)
                0x000001cc                __ctors_start = .
 *(.ctors)
                0x000001cc                __ctors_end = .
                0x000001cc                __dtors_start = .
 *(.dtors)
                0x000001cc                __dtors_end = .
 SORT(*)(.ctors)
 SORT(*)(.dtors)
 *(.init0)
 .init0         0x000001cc        0x0 C:/Program Files (x86)/Atmel/Studio/7.0/Packs/Atmel/ATmega_DFP/1.7.374/gcc/dev/atmega2560/avr6/crtatmega2560.o
                0x000001cc                __init
 *(.init0)
 *(.init1)
 *(.init1)
 *(.init2)
 .init2         0x000001cc       0x10 C:/Program Files (x86)/Atmel/Studio/7.0/Packs/Atmel/ATmega_DFP/1.7.374/gcc/dev/atmega2560/avr6/crtatmega2560.o
 *(.init2)
 *(.init3)
 *(.init3)
 *(.init4)
 .init4         0x000001dc       0x1a c:/program files (x86)/atmel/studio/7.0/toolchain/avr8/avr8-gnu-toolchain/bin/../lib/gcc/avr/5.4.0/avr6\libgcc.a(_copy_data.o)
                0x000001dc                __do_copy_data
 .init4         0x000001f6       0x10 c:/program files (x86)/atmel/studio/7.0/toolchain/avr8/avr8-gnu-toolchain/bin/../lib/gcc/avr/5.4.0/avr6\libgcc.a(_clear_bss.o)
                0x000001f6                __do_clear_bss
 *(.init4)
 *(.init5)
 *(.init5)
 *(.init6)
 *(.init6)
 *(.init7)
 *(.init7)
 *(.init8)
 *(.init8)
 *(.init9)
 .init9         0x00000206        0x8 C:/Program Files (x86)/Atmel/Studio/7.0/Packs/Atmel/ATmega_DFP/1.7.374/gcc/dev/atmega2560/avr6/crtatmega2560.o
 *(.init9)
 *(.text)
 .text          0x0000020e        0x2 C:/Program Files (x86)/Atmel/Studio/7.0/Packs/Atmel/ATmega_DFP/1.7.374/gcc/dev/atmega2560/avr6/crtatmega2560.o
                0x0000020e                __vector_38
                0x0000020e                __vector_22
                0x0000020e                __vector_28
                0x0000020e                __vector_1
                0x0000020e                __vector_32
                0x0000020e                __vector_34
                0x0000020e                __vector_24
                0x0000020e                __vector_46
                0x0000020e                __bad_interrupt
                0x0000020e                __vector_6
                0x0000020e                __vector_31
                0x0000020e                __vector_35
                0x0000020e                __vector_3
                0x0000020e                __vector_23
                0x0000020e                __vector_30
                0x0000020e                __vector_45
                0x0000020e                __vector_11
                0x0000020e                __vector_13
                0x0000020e                __vector_17
                0x0000020e                __vector_19
                0x0000020e                __vector_56
                0x0000020e                __vector_7
                0x0000020e                __vector_49
                0x0000020e                __vector_41
                0x0000020e                __vector_43
                0x0000020e                __vector_27
                0x0000020e                __vector_5
                0x0000020e                __vector_33
                0x0000020e                __vector_47
                0x0000020e                __vector_4
                0x0000020e                __vector_44
                0x0000020e                __vector_9
                0x0000020e                __vector_2
                0x0000020e                __vector_21
                0x0000020e                __vector_15
                0x0000020e                __vector_29
                0x0000020e                __vector_40
                0x0000020e                __vector_8
                0x0000020e                __vector_48
                0x0000020e                __vector_14
                0x0000020e                __vector_53
                0x0000020e                __vector_10
                0x0000020e                __vector_50
                0x0000020e                __vector_16
                0x0000020e                __vector_18
                0x0000020e                __vector_20
                0x0000020e                __vector_42
                0x00000210                . = ALIGN (0x2)
 *(.text.*)
 .text.trace_init
                0x00000210        0x2 FreeRTOS/FreeRTOSTraceDriver/FreeRTOSTraceDriver.o
                0x00000210                trace_init
 .text.prvHeapInit
                0x00000212       0x52 FreeRTOS/src/heap_4.o
 .text.prvInsertBlockIntoFreeList
                0x00000264       0x94 FreeRTOS/src/heap_4.o
 .text.pvPortMalloc
                0x000002f8      0x152 FreeRTOS/src/heap_4.o
                0x000002f8                pvPortMalloc
 .text.vPortFree
                0x0000044a       0x7a FreeRTOS/src/heap_4.o
                0x0000044a                vPortFree
 .text.vListInitialise
                0x000004c4       0x22 FreeRTOS/src/list.o
                0x000004c4                vListInitialise
 .text.vListInitialiseItem
                0x000004e6        0x8 FreeRTOS/src/list.o
                0x000004e6                vListInitialiseItem
 .text.vListInsert
                0x000004ee       0x7a FreeRTOS/src/list.o
                0x000004ee                vListInsert
 .text.uxListRemove
                0x00000568       0x4e FreeRTOS/src/list.o
                0x00000568                uxListRemove
 .text.prvSetupTimerInterrupt
                0x000005b6       0x18 FreeRTOS/src/port.o
 .text.pxPortInitialiseStack
                0x000005ce       0x2e FreeRTOS/src/port.o
                0x000005ce                pxPortInitialiseStack
 .text.xPortStartScheduler
                0x000005fc       0x64 FreeRTOS/src/port.o
                0x000005fc                xPortStartScheduler
 .text.vPortYield
                0x00000660       0xc2 FreeRTOS/src/port.o
                0x00000660                vPortYield
 .text.vPortYieldFromTick
                0x00000722       0xca FreeRTOS/src/port.o
                0x00000722                vPortYieldFromTick
 .text.__vector_12
                0x000007ec        0x4 FreeRTOS/src/port.o
                0x000007ec                __vector_12
 .text.prvIsQueueEmpty
                0x000007f0       0x1a FreeRTOS/src/queue.o
 .text.prvIsQueueFull
                0x0000080a       0x1c FreeRTOS/src/queue.o
 .text.prvCopyDataToQueue
                0x00000826       0xbe FreeRTOS/src/queue.o
 .text.prvCopyDataFromQueue
                0x000008e4       0x34 FreeRTOS/src/queue.o
 .text.prvUnlockQueue
                0x00000918       0x68 FreeRTOS/src/queue.o
 .text.xQueueGenericReset
                0x00000980       0x86 FreeRTOS/src/queue.o
                0x00000980                xQueueGenericReset
 .text.prvInitialiseNewQueue
                0x00000a06       0x24 FreeRTOS/src/queue.o
 .text.xQueueGenericCreate
                0x00000a2a       0x46 FreeRTOS/src/queue.o
                0x00000a2a                xQueueGenericCreate
 .text.xQueueGenericSend
                0x00000a70      0x124 FreeRTOS/src/queue.o
                0x00000a70                xQueueGenericSend
 .text.prvInitialiseMutex
                0x00000b94       0x24 FreeRTOS/src/queue.o
 .text.xQueueCreateMutex
                0x00000bb8       0x18 FreeRTOS/src/queue.o
                0x00000bb8                xQueueCreateMutex
 .text.xQueueGenericSendFromISR
                0x00000bd0       0x76 FreeRTOS/src/queue.o
                0x00000bd0                xQueueGenericSendFromISR
 .text.xQueueReceive
                0x00000c46      0x11e FreeRTOS/src/queue.o
                0x00000c46                xQueueReceive
 .text.vQueueWaitForMessageRestricted
                0x00000d64       0x38 FreeRTOS/src/queue.o
                0x00000d64                vQueueWaitForMessageRestricted
 .text.prvBytesInBuffer
                0x00000d9c       0x26 FreeRTOS/src/stream_buffer.o
 .text.prvInitialiseNewStreamBuffer
                0x00000dc2       0x20 FreeRTOS/src/stream_buffer.o
 .text.prvWriteBytesToBuffer
                0x00000de2       0x92 FreeRTOS/src/stream_buffer.o
 .text.prvWriteMessageToBuffer
                0x00000e74       0x86 FreeRTOS/src/stream_buffer.o
 .text.prvReadBytesFromBuffer
                0x00000efa       0x9e FreeRTOS/src/stream_buffer.o
 .text.prvReadMessageFromBuffer
                0x00000f98       0x8a FreeRTOS/src/stream_buffer.o
 .text.xStreamBufferGenericCreate
                0x00001022       0x64 FreeRTOS/src/stream_buffer.o
                0x00001022                xStreamBufferGenericCreate
 .text.xStreamBufferReset
                0x00001086       0x3c FreeRTOS/src/stream_buffer.o
                0x00001086                xStreamBufferReset
 .text.xStreamBufferSpacesAvailable
                0x000010c2       0x24 FreeRTOS/src/stream_buffer.o
                0x000010c2                xStreamBufferSpacesAvailable
 .text.xStreamBufferSend
                0x000010e6      0x186 FreeRTOS/src/stream_buffer.o
                0x000010e6                xStreamBufferSend
 .text.xStreamBufferSendFromISR
                0x0000126c       0x88 FreeRTOS/src/stream_buffer.o
                0x0000126c                xStreamBufferSendFromISR
 .text.xStreamBufferReceive
                0x000012f4      0x102 FreeRTOS/src/stream_buffer.o
                0x000012f4                xStreamBufferReceive
 .text.prvResetNextTaskUnblockTime
                0x000013f6       0x4e FreeRTOS/src/tasks.o
 .text.prvDeleteTCB
                0x00001444       0x1a FreeRTOS/src/tasks.o
 .text.prvInitialiseNewTask
                0x0000145e       0xf8 FreeRTOS/src/tasks.o
 .text.prvInitialiseTaskLists
                0x00001556       0x60 FreeRTOS/src/tasks.o
 .text.prvAddNewTaskToReadyList
                0x000015b6       0xde FreeRTOS/src/tasks.o
 .text.prvCheckTasksWaitingTermination
                0x00001694       0x4a FreeRTOS/src/tasks.o
 .text.prvAddCurrentTaskToDelayedList
                0x000016de      0x144 FreeRTOS/src/tasks.o
 .text.xTaskCreate
                0x00001822       0x98 FreeRTOS/src/tasks.o
                0x00001822                xTaskCreate
 .text.vTaskStartScheduler
                0x000018ba       0x70 FreeRTOS/src/tasks.o
                0x000018ba                vTaskStartScheduler
 .text.vTaskSuspendAll
                0x0000192a        0xc FreeRTOS/src/tasks.o
                0x0000192a                vTaskSuspendAll
 .text.xTaskGetTickCount
                0x00001936       0x1c FreeRTOS/src/tasks.o
                0x00001936                xTaskGetTickCount
 .text.xTaskIncrementTick
                0x00001952      0x258 FreeRTOS/src/tasks.o
                0x00001952                xTaskIncrementTick
 .text.xTaskResumeAll
                0x00001baa      0x1b8 FreeRTOS/src/tasks.o
                0x00001baa                xTaskResumeAll
 .text.xTaskDelayUntil
                0x00001d62       0xca FreeRTOS/src/tasks.o
                0x00001d62                xTaskDelayUntil
 .text.vTaskDelay
                0x00001e2c       0x36 FreeRTOS/src/tasks.o
                0x00001e2c                vTaskDelay
 .text.vTaskSwitchContext
                0x00001e62       0xca FreeRTOS/src/tasks.o
                0x00001e62                vTaskSwitchContext
 .text.vTaskPlaceOnEventList
                0x00001f2c       0x2e FreeRTOS/src/tasks.o
                0x00001f2c                vTaskPlaceOnEventList
 .text.vTaskPlaceOnEventListRestricted
                0x00001f5a       0x84 FreeRTOS/src/tasks.o
                0x00001f5a                vTaskPlaceOnEventListRestricted
 .text.xTaskRemoveFromEventList
                0x00001fde      0x15e FreeRTOS/src/tasks.o
                0x00001fde                xTaskRemoveFromEventList
 .text.vTaskSetTimeOutState
                0x0000213c       0x2c FreeRTOS/src/tasks.o
                0x0000213c                vTaskSetTimeOutState
 .text.vTaskInternalSetTimeOutState
                0x00002168       0x22 FreeRTOS/src/tasks.o
                0x00002168                vTaskInternalSetTimeOutState
 .text.xTaskCheckForTimeOut
                0x0000218a       0xcc FreeRTOS/src/tasks.o
                0x0000218a                xTaskCheckForTimeOut
 .text.vTaskMissedYield
                0x00002256        0x8 FreeRTOS/src/tasks.o
                0x00002256                vTaskMissedYield
 .text.xTaskGetCurrentTaskHandle
                0x0000225e        0xa FreeRTOS/src/tasks.o
                0x0000225e                xTaskGetCurrentTaskHandle
 .text.xTaskGetSchedulerState
                0x00002268       0x1c FreeRTOS/src/tasks.o
                0x00002268                xTaskGetSchedulerState
 .text.xTaskPriorityDisinherit
                0x00002284       0xb6 FreeRTOS/src/tasks.o
                0x00002284                xTaskPriorityDisinherit
 .text.xTaskGenericNotifyWait
                0x0000233a      0x14e FreeRTOS/src/tasks.o
                0x0000233a                xTaskGenericNotifyWait
 .text.xTaskGenericNotify
                0x00002488      0x1ee FreeRTOS/src/tasks.o
                0x00002488                xTaskGenericNotify
 .text.xTaskGenericNotifyFromISR
                0x00002676      0x244 FreeRTOS/src/tasks.o
                0x00002676                xTaskGenericNotifyFromISR
 .text.xTaskGenericNotifyStateClear
                0x000028ba       0x34 FreeRTOS/src/tasks.o
                0x000028ba                xTaskGenericNotifyStateClear
 .text.prvGetNextExpireTime
                0x000028ee       0x30 FreeRTOS/src/timers.o
 .text.prvInsertTimerInActiveList
                0x0000291e       0x92 FreeRTOS/src/timers.o
 .text.prvCheckForValidListAndQueue
                0x000029b0       0x52 FreeRTOS/src/timers.o
 .text.xTimerCreateTimerTask
                0x00002a02       0x42 FreeRTOS/src/timers.o
                0x00002a02                xTimerCreateTimerTask
 .text.xTimerGenericCommand
                0x00002a44       0xbc FreeRTOS/src/timers.o
                0x00002a44                xTimerGenericCommand
 .text.prvSwitchTimerLists
                0x00002b00       0xd0 FreeRTOS/src/timers.o
 .text.prvSampleTimeNow
                0x00002bd0       0x5c FreeRTOS/src/timers.o
 .text.prvProcessExpiredTimer
                0x00002c2c       0xac FreeRTOS/src/timers.o
 .text.prvProcessTimerOrBlockTask
                0x00002cd8       0xae FreeRTOS/src/timers.o
 .text.prvProcessReceivedCommands
                0x00002d86      0x168 FreeRTOS/src/timers.o
 .text.vApplicationIdleHook
                0x00002eee        0x2 FreeRTOS/src/variantHooks.o
                0x00002eee                vApplicationIdleHook
 .text.prvSetMainLedOn
                0x00002ef0        0xe FreeRTOS/src/variantHooks.o
                0x00002ef0                prvSetMainLedOn
 .text.prvBlinkMainLed
                0x00002efe        0x8 FreeRTOS/src/variantHooks.o
                0x00002efe                prvBlinkMainLed
 .text.vApplicationMallocFailedHook
                0x00002f06       0x18 FreeRTOS/src/variantHooks.o
                0x00002f06                vApplicationMallocFailedHook
 .text.vApplicationStackOverflowHook
                0x00002f1e       0x18 FreeRTOS/src/variantHooks.o
                0x00002f1e                vApplicationStackOverflowHook
 .text.task1    0x00002f36       0x3a main.o
                0x00002f36                task1
 .text.task2    0x00002f70       0x38 main.o
                0x00002f70                task2
 .text.create_tasks_and_semaphores
                0x00002fa8       0x6c main.o
                0x00002fa8                create_tasks_and_semaphores
 .text.initialiseSystem
                0x00003014       0x20 main.o
                0x00003014                initialiseSystem
 .text.main     0x00003034       0x10 main.o
                0x00003034                main
 .text._lora_setup
                0x00003044      0x170 TerrariumFiles/loRaWanHandler.o
 .text.lora_handler_task
                0x000031b4       0xb2 TerrariumFiles/loRaWanHandler.o
                0x000031b4                lora_handler_task
 .text.lora_handler_create
                0x00003266       0x28 TerrariumFiles/loRaWanHandler.o
                0x00003266                lora_handler_create
 .text.avr-libc.fplib
                0x0000328e       0x58 c:/program files (x86)/atmel/studio/7.0/toolchain/avr8/avr8-gnu-toolchain/bin/../lib/gcc/avr/5.4.0/../../../../avr/lib/avr6\libm.a(fixunssfsi.o)
                0x0000328e                __fixunssfsi
 .text.avr-libc.fplib
                0x000032e6       0x44 c:/program files (x86)/atmel/studio/7.0/toolchain/avr8/avr8-gnu-toolchain/bin/../lib/gcc/avr/5.4.0/../../../../avr/lib/avr6\libm.a(fp_split3.o)
                0x000032e6                __fp_split3
                0x000032f6                __fp_splitA
 .text.avr-libc.fplib
                0x0000332a        0xe c:/program files (x86)/atmel/studio/7.0/toolchain/avr8/avr8-gnu-toolchain/bin/../lib/gcc/avr/5.4.0/../../../../avr/lib/avr6\libm.a(fp_zero.o)
                0x0000332a                __fp_zero
                0x0000332c                __fp_szero
 .text._serialCallBack
                0x00003338       0x8c ../drivers\libIotLibrary.a(lora_driver.o)
 .text._uploadMessage
                0x000033c4       0xb4 ../drivers\libIotLibrary.a(lora_driver.o)
 .text._reply2ReturnCode
                0x00003478       0xea ../drivers\libIotLibrary.a(lora_driver.o)
 .text._uploadMessageRc
                0x00003562        0x6 ../drivers\libIotLibrary.a(lora_driver.o)
 .text.lora_driver_flushBuffers
                0x00003568        0xe ../drivers\libIotLibrary.a(lora_driver.o)
                0x00003568                lora_driver_flushBuffers
 .text.lora_driver_initialise
                0x00003576       0x80 ../drivers\libIotLibrary.a(lora_driver.o)
                0x00003576                lora_driver_initialise
 .text.lora_driver_resetRn2483
                0x000035f6       0x1c ../drivers\libIotLibrary.a(lora_driver.o)
                0x000035f6                lora_driver_resetRn2483
 .text.lora_driver_rn2483FactoryReset
                0x00003612       0x24 ../drivers\libIotLibrary.a(lora_driver.o)
                0x00003612                lora_driver_rn2483FactoryReset
 .text.lora_driver_getRn2483Hweui
                0x00003636       0x38 ../drivers\libIotLibrary.a(lora_driver.o)
                0x00003636                lora_driver_getRn2483Hweui
 .text.lora_driver_setDeviceIdentifier
                0x0000366e       0x22 ../drivers\libIotLibrary.a(lora_driver.o)
                0x0000366e                lora_driver_setDeviceIdentifier
 .text.lora_driver_setApplicationIdentifier
                0x00003690       0x22 ../drivers\libIotLibrary.a(lora_driver.o)
                0x00003690                lora_driver_setApplicationIdentifier
 .text.lora_driver_setApplicationKey
                0x000036b2       0x22 ../drivers\libIotLibrary.a(lora_driver.o)
                0x000036b2                lora_driver_setApplicationKey
 .text.lora_driver_saveMac
                0x000036d4        0xc ../drivers\libIotLibrary.a(lora_driver.o)
                0x000036d4                lora_driver_saveMac
 .text.lora_driver_join
                0x000036e0       0x52 ../drivers\libIotLibrary.a(lora_driver.o)
                0x000036e0                lora_driver_join
 .text.lora_driver_sendUploadMessage
                0x00003732      0x196 ../drivers\libIotLibrary.a(lora_driver.o)
                0x00003732                lora_driver_sendUploadMessage
 .text.lora_driver_setAdaptiveDataRate
                0x000038c8       0x16 ../drivers\libIotLibrary.a(lora_driver.o)
                0x000038c8                lora_driver_setAdaptiveDataRate
 .text.lora_driver_setReceiveDelay
                0x000038de       0x30 ../drivers\libIotLibrary.a(lora_driver.o)
                0x000038de                lora_driver_setReceiveDelay
 .text.lora_driver_configureToEu868
                0x0000390e      0x1bc ../drivers\libIotLibrary.a(lora_driver.o)
                0x0000390e                lora_driver_configureToEu868
 .text.lora_driver_setOtaaIdentity
                0x00003aca       0x42 ../drivers\libIotLibrary.a(lora_driver.o)
                0x00003aca                lora_driver_setOtaaIdentity
 .text.lora_driver_mapReturnCodeToText
                0x00003b0c       0x18 ../drivers\libIotLibrary.a(lora_driver.o)
                0x00003b0c                lora_driver_mapReturnCodeToText
 .text.decode_port_no
                0x00003b24       0x58 ../drivers\libIotLibrary.a(lora_driver_utils.o)
                0x00003b24                decode_port_no
 .text.decode_hexadecimal_string_bytes
                0x00003b7c       0x92 ../drivers\libIotLibrary.a(lora_driver_utils.o)
                0x00003b7c                decode_hexadecimal_string_bytes
 .text.serial_create
                0x00003c0e      0x138 ../drivers\libIotLibrary.a(serial.o)
                0x00003c0e                serial_create
 .text.serial_sendByte
                0x00003d46       0x56 ../drivers\libIotLibrary.a(serial.o)
                0x00003d46                serial_sendByte
 .text.serial_sendBytes
                0x00003d9c       0xaa ../drivers\libIotLibrary.a(serial.o)
                0x00003d9c                serial_sendBytes
 .text.serial_getByte
                0x00003e46       0x40 ../drivers\libIotLibrary.a(serial.o)
                0x00003e46                serial_getByte
 .text.__vector_25
                0x00003e86       0xa4 ../drivers\libIotLibrary.a(serial.o)
                0x00003e86                __vector_25
 .text.__vector_26
                0x00003f2a       0x88 ../drivers\libIotLibrary.a(serial.o)
                0x00003f2a                __vector_26
 .text.__vector_36
                0x00003fb2       0xa4 ../drivers\libIotLibrary.a(serial.o)
                0x00003fb2                __vector_36
 .text.__vector_37
                0x00004056       0x88 ../drivers\libIotLibrary.a(serial.o)
                0x00004056                __vector_37
 .text.__vector_51
                0x000040de       0xa4 ../drivers\libIotLibrary.a(serial.o)
                0x000040de                __vector_51
 .text.__vector_52
                0x00004182       0x88 ../drivers\libIotLibrary.a(serial.o)
                0x00004182                __vector_52
 .text.__vector_54
                0x0000420a       0xa4 ../drivers\libIotLibrary.a(serial.o)
                0x0000420a                __vector_54
 .text.__vector_55
                0x000042ae       0x88 ../drivers\libIotLibrary.a(serial.o)
                0x000042ae                __vector_55
 .text.usart_getchar
                0x00004336       0x2a ../drivers\libIotLibrary.a(stdio_driver.o)
 .text.usart_putchar
                0x00004360       0x12 ../drivers\libIotLibrary.a(stdio_driver.o)
 .text.stdio_initialise
                0x00004372       0x52 ../drivers\libIotLibrary.a(stdio_driver.o)
                0x00004372                stdio_initialise
 .text._turn_off
                0x000043c4       0x98 ../drivers\libIotLibrary.a(status_leds.o)
 .text._turn_on
                0x0000445c       0x98 ../drivers\libIotLibrary.a(status_leds.o)
 .text.status_leds_slowBlink
                0x000044f4       0x46 ../drivers\libIotLibrary.a(status_leds.o)
                0x000044f4                status_leds_slowBlink
 .text.status_leds_fastBlink
                0x0000453a       0x46 ../drivers\libIotLibrary.a(status_leds.o)
                0x0000453a                status_leds_fastBlink
 .text.status_leds_ledOn
                0x00004580       0x1e ../drivers\libIotLibrary.a(status_leds.o)
                0x00004580                status_leds_ledOn
 .text.status_leds_ledOff
                0x0000459e       0x1e ../drivers\libIotLibrary.a(status_leds.o)
                0x0000459e                status_leds_ledOff
 .text.status_leds_longPuls
                0x000045bc       0x24 ../drivers\libIotLibrary.a(status_leds.o)
                0x000045bc                status_leds_longPuls
 .text.status_leds_shortPuls
                0x000045e0       0x22 ../drivers\libIotLibrary.a(status_leds.o)
                0x000045e0                status_leds_shortPuls
 .text.__vector_39
                0x00004602      0x17a ../drivers\libIotLibrary.a(twi.o)
                0x00004602                __vector_39
 .text.fifo_init
                0x0000477c       0x38 ../drivers\libIotLibrary.a(fifo.o)
                0x0000477c                fifo_init
 .text.avr-libc.fplib
                0x000047b4        0xa c:/program files (x86)/atmel/studio/7.0/toolchain/avr8/avr8-gnu-toolchain/bin/../lib/gcc/avr/5.4.0/../../../../avr/lib/avr6\libm.a(addsf3.o)
                0x000047b4                __subsf3
                0x000047b6                __addsf3
 .text.avr-libc.fplib
                0x000047be       0xc4 c:/program files (x86)/atmel/studio/7.0/toolchain/avr8/avr8-gnu-toolchain/bin/../lib/gcc/avr/5.4.0/../../../../avr/lib/avr6\libm.a(addsf3x.o)
                0x000047d8                __addsf3x
 .text.avr-libc.fplib
                0x00004882        0x4 c:/program files (x86)/atmel/studio/7.0/toolchain/avr8/avr8-gnu-toolchain/bin/../lib/gcc/avr/5.4.0/../../../../avr/lib/avr6\libm.a(divsf3.o)
                0x00004882                __divsf3
 .text.avr-libc.fplib
                0x00004886       0xd2 c:/program files (x86)/atmel/studio/7.0/toolchain/avr8/avr8-gnu-toolchain/bin/../lib/gcc/avr/5.4.0/../../../../avr/lib/avr6\libm.a(divsf3x.o)
                0x0000489e                __divsf3x
                0x000048a4                __divsf3_pse
 .text.avr-libc.fplib
                0x00004958       0x7a c:/program files (x86)/atmel/studio/7.0/toolchain/avr8/avr8-gnu-toolchain/bin/../lib/gcc/avr/5.4.0/../../../../avr/lib/avr6\libm.a(floatsisf.o)
                0x00004958                __floatunsisf
                0x0000495c                __floatsisf
 .text.avr-libc.fplib
                0x000049d2        0xc c:/program files (x86)/atmel/studio/7.0/toolchain/avr8/avr8-gnu-toolchain/bin/../lib/gcc/avr/5.4.0/../../../../avr/lib/avr6\libm.a(fp_inf.o)
                0x000049d2                __fp_inf
 .text.avr-libc.fplib
                0x000049de        0x6 c:/program files (x86)/atmel/studio/7.0/toolchain/avr8/avr8-gnu-toolchain/bin/../lib/gcc/avr/5.4.0/../../../../avr/lib/avr6\libm.a(fp_nan.o)
                0x000049de                __fp_nan
 .text.avr-libc.fplib
                0x000049e4        0xe c:/program files (x86)/atmel/studio/7.0/toolchain/avr8/avr8-gnu-toolchain/bin/../lib/gcc/avr/5.4.0/../../../../avr/lib/avr6\libm.a(fp_pscA.o)
                0x000049e4                __fp_pscA
 .text.avr-libc.fplib
                0x000049f2        0xe c:/program files (x86)/atmel/studio/7.0/toolchain/avr8/avr8-gnu-toolchain/bin/../lib/gcc/avr/5.4.0/../../../../avr/lib/avr6\libm.a(fp_pscB.o)
                0x000049f2                __fp_pscB
 .text.avr-libc.fplib
                0x00004a00       0x22 c:/program files (x86)/atmel/studio/7.0/toolchain/avr8/avr8-gnu-toolchain/bin/../lib/gcc/avr/5.4.0/../../../../avr/lib/avr6\libm.a(fp_round.o)
                0x00004a00                __fp_round
 .text.avr-libc.fplib
                0x00004a22        0x4 c:/program files (x86)/atmel/studio/7.0/toolchain/avr8/avr8-gnu-toolchain/bin/../lib/gcc/avr/5.4.0/../../../../avr/lib/avr6\libm.a(mulsf3.o)
                0x00004a22                __mulsf3
 .text.avr-libc.fplib
                0x00004a26       0xc8 c:/program files (x86)/atmel/studio/7.0/toolchain/avr8/avr8-gnu-toolchain/bin/../lib/gcc/avr/5.4.0/../../../../avr/lib/avr6\libm.a(mulsf3x.o)
                0x00004a3c                __mulsf3x
                0x00004a42                __mulsf3_pse
 .text.libgcc   0x00004aee       0x10 c:/program files (x86)/atmel/studio/7.0/toolchain/avr8/avr8-gnu-toolchain/bin/../lib/gcc/avr/5.4.0/avr6\libgcc.a(_tablejump2.o)
                0x00004aee                __tablejump2__
 .text.avr-libc
                0x00004afe      0x242 c:/program files (x86)/atmel/studio/7.0/toolchain/avr8/avr8-gnu-toolchain/bin/../lib/gcc/avr/5.4.0/../../../../avr/lib/avr6\libc.a(malloc.o)
                0x00004afe                malloc
                0x00004c2e                free
 .text.avr-libc
                0x00004d40        0x8 c:/program files (x86)/atmel/studio/7.0/toolchain/avr8/avr8-gnu-toolchain/bin/../lib/gcc/avr/5.4.0/../../../../avr/lib/avr6\libc.a(abort.o)
                0x00004d40                abort
 .text.avr-libc
                0x00004d48       0x12 c:/program files (x86)/atmel/studio/7.0/toolchain/avr8/avr8-gnu-toolchain/bin/../lib/gcc/avr/5.4.0/../../../../avr/lib/avr6\libc.a(memcpy.o)
                0x00004d48                memcpy
 .text.avr-libc
                0x00004d5a        0xe c:/program files (x86)/atmel/studio/7.0/toolchain/avr8/avr8-gnu-toolchain/bin/../lib/gcc/avr/5.4.0/../../../../avr/lib/avr6\libc.a(memset.o)
                0x00004d5a                memset
 .text.avr-libc
                0x00004d68       0x4a c:/program files (x86)/atmel/studio/7.0/toolchain/avr8/avr8-gnu-toolchain/bin/../lib/gcc/avr/5.4.0/../../../../avr/lib/avr6\libc.a(strcasestr.o)
                0x00004d68                strcasestr
 .text.avr-libc
                0x00004db2       0x16 c:/program files (x86)/atmel/studio/7.0/toolchain/avr8/avr8-gnu-toolchain/bin/../lib/gcc/avr/5.4.0/../../../../avr/lib/avr6\libc.a(strcat.o)
                0x00004db2                strcat
 .text.avr-libc
                0x00004dc8        0xe c:/program files (x86)/atmel/studio/7.0/toolchain/avr8/avr8-gnu-toolchain/bin/../lib/gcc/avr/5.4.0/../../../../avr/lib/avr6\libc.a(strcpy.o)
                0x00004dc8                strcpy
 .text.avr-libc
                0x00004dd6       0x30 c:/program files (x86)/atmel/studio/7.0/toolchain/avr8/avr8-gnu-toolchain/bin/../lib/gcc/avr/5.4.0/../../../../avr/lib/avr6\libc.a(strncasecmp.o)
                0x00004dd6                strncasecmp
 .text.avr-libc
                0x00004e06       0x26 c:/program files (x86)/atmel/studio/7.0/toolchain/avr8/avr8-gnu-toolchain/bin/../lib/gcc/avr/5.4.0/../../../../avr/lib/avr6\libc.a(printf.o)
                0x00004e06                printf
 .text.avr-libc
                0x00004e2c       0x60 c:/program files (x86)/atmel/studio/7.0/toolchain/avr8/avr8-gnu-toolchain/bin/../lib/gcc/avr/5.4.0/../../../../avr/lib/avr6\libc.a(puts.o)
                0x00004e2c                puts
 .text.avr-libc
                0x00004e8c       0x5c c:/program files (x86)/atmel/studio/7.0/toolchain/avr8/avr8-gnu-toolchain/bin/../lib/gcc/avr/5.4.0/../../../../avr/lib/avr6\libc.a(sprintf.o)
                0x00004e8c                sprintf
 .text.avr-libc
                0x00004ee8      0x3fa c:/program files (x86)/atmel/studio/7.0/toolchain/avr8/avr8-gnu-toolchain/bin/../lib/gcc/avr/5.4.0/../../../../avr/lib/avr6\libc.a(vfprintf_std.o)
                0x00004ee8                vfprintf
 .text.avr-libc
                0x000052e2       0x16 c:/program files (x86)/atmel/studio/7.0/toolchain/avr8/avr8-gnu-toolchain/bin/../lib/gcc/avr/5.4.0/../../../../avr/lib/avr6\libc.a(strnlen_P.o)
                0x000052e2                strnlen_P
 .text.avr-libc
                0x000052f8       0x16 c:/program files (x86)/atmel/studio/7.0/toolchain/avr8/avr8-gnu-toolchain/bin/../lib/gcc/avr/5.4.0/../../../../avr/lib/avr6\libc.a(strnlen.o)
                0x000052f8                strnlen
 .text.avr-libc
                0x0000530e       0x78 c:/program files (x86)/atmel/studio/7.0/toolchain/avr8/avr8-gnu-toolchain/bin/../lib/gcc/avr/5.4.0/../../../../avr/lib/avr6\libc.a(fputc.o)
                0x0000530e                fputc
 .text.avr-libc
                0x00005386       0xbc c:/program files (x86)/atmel/studio/7.0/toolchain/avr8/avr8-gnu-toolchain/bin/../lib/gcc/avr/5.4.0/../../../../avr/lib/avr6\libc.a(ultoa_invert.o)
                0x00005386                __ultoa_invert
                0x00005442                . = ALIGN (0x2)
 *(.fini9)
 .fini9         0x00005442        0x0 c:/program files (x86)/atmel/studio/7.0/toolchain/avr8/avr8-gnu-toolchain/bin/../lib/gcc/avr/5.4.0/avr6\libgcc.a(_exit.o)
                0x00005442                _exit
                0x00005442                exit
 *(.fini9)
 *(.fini8)
 *(.fini8)
 *(.fini7)
 *(.fini7)
 *(.fini6)
 *(.fini6)
 *(.fini5)
 *(.fini5)
 *(.fini4)
 *(.fini4)
 *(.fini3)
 *(.fini3)
 *(.fini2)
 *(.fini2)
 *(.fini1)
 *(.fini1)
 *(.fini0)
 .fini0         0x00005442        0x4 c:/program files (x86)/atmel/studio/7.0/toolchain/avr8/avr8-gnu-toolchain/bin/../lib/gcc/avr/5.4.0/avr6\libgcc.a(_exit.o)
 *(.fini0)
                0x00005446                _etext = .

.data           0x00800200      0x4a2 load address 0x00005446
                0x00800200                PROVIDE (__data_start, .)
 *(.data)
 .data          0x00800200        0x6 c:/program files (x86)/atmel/studio/7.0/toolchain/avr8/avr8-gnu-toolchain/bin/../lib/gcc/avr/5.4.0/../../../../avr/lib/avr6\libc.a(malloc.o)
                0x00800200                __malloc_heap_end
                0x00800202                __malloc_heap_start
                0x00800204                __malloc_margin
 *(.data*)
 .data.uxTopUsedPriority
                0x00800206        0x1 FreeRTOS/src/tasks.o
                0x00800206                uxTopUsedPriority
 .data._com_port_2_udr
                0x00800207        0x8 ../drivers\libIotLibrary.a(serial.o)
                0x00800207                _com_port_2_udr
 .data.mystdout.1882
                0x0080020f        0xe ../drivers\libIotLibrary.a(stdio_driver.o)
 .data._twiCurrentState
                0x0080021d        0x1 ../drivers\libIotLibrary.a(twi.o)
 *(.gnu.linkonce.d*)
 *(.rodata)
 .rodata        0x0080021e       0x20 ../drivers\libIotLibrary.a(lora_driver.o)
 *(.rodata*)
 .rodata.str1.1
                0x0080023e        0x5 FreeRTOS/src/tasks.o
 .rodata.str1.1
                0x00800243        0x8 FreeRTOS/src/timers.o
 .rodata.str1.1
                0x0080024b       0x1e main.o
 .rodata.str1.1
                0x00800269      0x16c TerrariumFiles/loRaWanHandler.o
 .rodata.str1.1
                0x008003d5      0x295 ../drivers\libIotLibrary.a(lora_driver.o)
                                0x2a5 (size before relaxing)
 .rodata._joinMode
                0x0080066a        0x4 ../drivers\libIotLibrary.a(lora_driver.o)
 .rodata._returnCode
                0x0080066e       0x33 ../drivers\libIotLibrary.a(lora_driver.o)
                0x0080066e                _returnCode
 *(.gnu.linkonce.r*)
                0x008006a2                . = ALIGN (0x2)
 *fill*         0x008006a1        0x1 
                0x008006a2                _edata = .
                0x008006a2                PROVIDE (__data_end, .)

.bss            0x008006a2     0x1045
                0x008006a2                PROVIDE (__bss_start, .)
 *(.bss)
 *(.bss*)
 .bss.xBlockAllocatedBit
                0x008006a2        0x2 FreeRTOS/src/heap_4.o
 .bss.xNumberOfSuccessfulFrees
                0x008006a4        0x2 FreeRTOS/src/heap_4.o
 .bss.xNumberOfSuccessfulAllocations
                0x008006a6        0x2 FreeRTOS/src/heap_4.o
 .bss.xMinimumEverFreeBytesRemaining
                0x008006a8        0x2 FreeRTOS/src/heap_4.o
 .bss.xFreeBytesRemaining
                0x008006aa        0x2 FreeRTOS/src/heap_4.o
 .bss.pxEnd     0x008006ac        0x2 FreeRTOS/src/heap_4.o
 .bss.xStart    0x008006ae        0x4 FreeRTOS/src/heap_4.o
 .bss.ucHeap    0x008006b2      0xdac FreeRTOS/src/heap_4.o
 .bss.uxSchedulerSuspended
                0x0080145e        0x1 FreeRTOS/src/tasks.o
 .bss.xIdleTaskHandle
                0x0080145f        0x2 FreeRTOS/src/tasks.o
 .bss.xNextTaskUnblockTime
                0x00801461        0x4 FreeRTOS/src/tasks.o
 .bss.uxTaskNumber
                0x00801465        0x1 FreeRTOS/src/tasks.o
 .bss.xNumOfOverflows
                0x00801466        0x1 FreeRTOS/src/tasks.o
 .bss.xYieldPending
                0x00801467        0x1 FreeRTOS/src/tasks.o
 .bss.xPendedTicks
                0x00801468        0x4 FreeRTOS/src/tasks.o
 .bss.xSchedulerRunning
                0x0080146c        0x1 FreeRTOS/src/tasks.o
 .bss.uxTopReadyPriority
                0x0080146d        0x1 FreeRTOS/src/tasks.o
 .bss.xTickCount
                0x0080146e        0x4 FreeRTOS/src/tasks.o
 .bss.uxCurrentNumberOfTasks
                0x00801472        0x1 FreeRTOS/src/tasks.o
 .bss.xSuspendedTaskList
                0x00801473        0xb FreeRTOS/src/tasks.o
 .bss.uxDeletedTasksWaitingCleanUp
                0x0080147e        0x1 FreeRTOS/src/tasks.o
 .bss.xTasksWaitingTermination
                0x0080147f        0xb FreeRTOS/src/tasks.o
 .bss.xPendingReadyList
                0x0080148a        0xb FreeRTOS/src/tasks.o
 .bss.pxOverflowDelayedTaskList
                0x00801495        0x2 FreeRTOS/src/tasks.o
 .bss.pxDelayedTaskList
                0x00801497        0x2 FreeRTOS/src/tasks.o
 .bss.xDelayedTaskList2
                0x00801499        0xb FreeRTOS/src/tasks.o
 .bss.xDelayedTaskList1
                0x008014a4        0xb FreeRTOS/src/tasks.o
 .bss.pxReadyTasksLists
                0x008014af       0x6e FreeRTOS/src/tasks.o
 .bss.pxCurrentTCB
                0x0080151d        0x2 FreeRTOS/src/tasks.o
                0x0080151d                pxCurrentTCB
 .bss.xLastTime.2436
                0x0080151f        0x4 FreeRTOS/src/timers.o
 .bss.xTimerTaskHandle
                0x00801523        0x2 FreeRTOS/src/timers.o
 .bss.xTimerQueue
                0x00801525        0x2 FreeRTOS/src/timers.o
 .bss.pxOverflowTimerList
                0x00801527        0x2 FreeRTOS/src/timers.o
 .bss.pxCurrentTimerList
                0x00801529        0x2 FreeRTOS/src/timers.o
 .bss.xActiveTimerList2
                0x0080152b        0xb FreeRTOS/src/timers.o
 .bss.xActiveTimerList1
                0x00801536        0xb FreeRTOS/src/timers.o
 .bss._uplink_payload
                0x00801541       0x16 TerrariumFiles/loRaWanHandler.o
 .bss._out_buf  0x00801557       0x64 TerrariumFiles/loRaWanHandler.o
 .bss._tmp_buf.2871
                0x008015bb       0x37 ../drivers\libIotLibrary.a(lora_driver.o)
 .bss.rec_buf_inp.2878
                0x008015f2        0x1 ../drivers\libIotLibrary.a(lora_driver.o)
 .bss._downlinkMessageBuffer
                0x008015f3        0x2 ../drivers\libIotLibrary.a(lora_driver.o)
 .bss._serialReplyBufferHandle
                0x008015f5        0x2 ../drivers\libIotLibrary.a(lora_driver.o)
 .bss._rn2483_serial
                0x008015f7        0x2 ../drivers\libIotLibrary.a(lora_driver.o)
 .bss._downlinkPayload
                0x008015f9       0x16 ../drivers\libIotLibrary.a(lora_driver.o)
 .bss._payLoadHexBytes
                0x0080160f       0x15 ../drivers\libIotLibrary.a(lora_driver.o)
 .bss._recMessageBuf
                0x00801624       0x2d ../drivers\libIotLibrary.a(lora_driver.o)
 .bss._sendMessage
                0x00801651       0x2d ../drivers\libIotLibrary.a(lora_driver.o)
 .bss._replyMess
                0x0080167e       0x2d ../drivers\libIotLibrary.a(lora_driver.o)
 .bss._ser_handle
                0x008016ab        0x8 ../drivers\libIotLibrary.a(serial.o)
 .bss._com_serial_instance
                0x008016b3        0x2 ../drivers\libIotLibrary.a(stdio_driver.o)
 .bss._led_status
                0x008016b5       0x18 ../drivers\libIotLibrary.a(status_leds.o)
 .bss._index.1885
                0x008016cd        0x1 ../drivers\libIotLibrary.a(twi.o)
 .bss._twiCurrentHandler
                0x008016ce        0x2 ../drivers\libIotLibrary.a(twi.o)
 .bss._twiMessageLen
                0x008016d0        0x1 ../drivers\libIotLibrary.a(twi.o)
 .bss._twiMessageBuffer
                0x008016d1        0xa ../drivers\libIotLibrary.a(twi.o)
 *(COMMON)
 COMMON         0x008016db        0x2 main.o
                0x008016db                xTestSemaphore
 COMMON         0x008016dd        0x4 c:/program files (x86)/atmel/studio/7.0/toolchain/avr8/avr8-gnu-toolchain/bin/../lib/gcc/avr/5.4.0/../../../../avr/lib/avr6\libc.a(malloc.o)
                0x008016dd                __brkval
                0x008016df                __flp
 COMMON         0x008016e1        0x6 c:/program files (x86)/atmel/studio/7.0/toolchain/avr8/avr8-gnu-toolchain/bin/../lib/gcc/avr/5.4.0/../../../../avr/lib/avr6\libc.a(iob.o)
                0x008016e1                __iob
                0x008016e7                PROVIDE (__bss_end, .)
                0x00005446                __data_load_start = LOADADDR (.data)
                0x000058e8                __data_load_end = (__data_load_start + SIZEOF (.data))

.noinit         0x008016e7        0x0
                [!provide]                PROVIDE (__noinit_start, .)
 *(.noinit*)
                [!provide]                PROVIDE (__noinit_end, .)
                0x008016e7                _end = .
                0x008016e7                PROVIDE (__heap_start, .)

.eeprom         0x00810000        0x0
 *(.eeprom*)
                0x00810000                __eeprom_end = .

.fuse
 *(.fuse)
 *(.lfuse)
 *(.hfuse)
 *(.efuse)

.lock
 *(.lock*)

.signature
 *(.signature*)

.user_signatures
 *(.user_signatures*)

.stab
 *(.stab)

.stabstr
 *(.stabstr)

.stab.excl
 *(.stab.excl)

.stab.exclstr
 *(.stab.exclstr)

.stab.index
 *(.stab.index)

.stab.indexstr
 *(.stab.indexstr)

.comment        0x00000000       0x5c
 *(.comment)
 .comment       0x00000000       0x30 FreeRTOS/FreeRTOSTraceDriver/FreeRTOSTraceDriver.o
                                 0x31 (size before relaxing)
 .comment       0x00000030       0x31 FreeRTOS/src/heap_4.o
 .comment       0x00000030       0x31 FreeRTOS/src/list.o
 .comment       0x00000030       0x31 FreeRTOS/src/port.o
 .comment       0x00000030       0x31 FreeRTOS/src/queue.o
 .comment       0x00000030       0x31 FreeRTOS/src/stream_buffer.o
 .comment       0x00000030       0x31 FreeRTOS/src/tasks.o
 .comment       0x00000030       0x31 FreeRTOS/src/timers.o
 .comment       0x00000030       0x31 FreeRTOS/src/variantHooks.o
 .comment       0x00000030       0x31 main.o
 .comment       0x00000030       0x31 TerrariumFiles/loRaWanHandler.o
 .comment       0x00000030       0x31 ../drivers\libIotLibrary.a(lora_driver.o)
 .comment       0x00000030       0x31 ../drivers\libIotLibrary.a(lora_driver_utils.o)
 .comment       0x00000030       0x31 ../drivers\libIotLibrary.a(serial.o)
 .comment       0x00000030       0x31 ../drivers\libIotLibrary.a(stdio_driver.o)
 .comment       0x00000030       0x31 ../drivers\libIotLibrary.a(status_leds.o)
 .comment       0x00000030       0x31 ../drivers\libIotLibrary.a(twi.o)
 .comment       0x00000030       0x31 ../drivers\libIotLibrary.a(fifo.o)
 .comment       0x00000030       0x31 c:/program files (x86)/atmel/studio/7.0/toolchain/avr8/avr8-gnu-toolchain/bin/../lib/gcc/avr/5.4.0/../../../../avr/lib/avr6\libc.a(malloc.o)
 .comment       0x00000030       0x31 c:/program files (x86)/atmel/studio/7.0/toolchain/avr8/avr8-gnu-toolchain/bin/../lib/gcc/avr/5.4.0/../../../../avr/lib/avr6\libc.a(iob.o)
 .comment       0x00000030       0x31 c:/program files (x86)/atmel/studio/7.0/toolchain/avr8/avr8-gnu-toolchain/bin/../lib/gcc/avr/5.4.0/../../../../avr/lib/avr6\libc.a(printf.o)
 .comment       0x00000030       0x31 c:/program files (x86)/atmel/studio/7.0/toolchain/avr8/avr8-gnu-toolchain/bin/../lib/gcc/avr/5.4.0/../../../../avr/lib/avr6\libc.a(puts.o)
 .comment       0x00000030       0x31 c:/program files (x86)/atmel/studio/7.0/toolchain/avr8/avr8-gnu-toolchain/bin/../lib/gcc/avr/5.4.0/../../../../avr/lib/avr6\libc.a(sprintf.o)
 .comment       0x00000030       0x2c c:/program files (x86)/atmel/studio/7.0/toolchain/avr8/avr8-gnu-toolchain/bin/../lib/gcc/avr/5.4.0/../../../../avr/lib/avr6\libc.a(vfprintf_std.o)
                                 0x2d (size before relaxing)
 .comment       0x0000005c       0x31 c:/program files (x86)/atmel/studio/7.0/toolchain/avr8/avr8-gnu-toolchain/bin/../lib/gcc/avr/5.4.0/../../../../avr/lib/avr6\libc.a(fputc.o)

.note.gnu.avr.deviceinfo
                0x00000000       0x40
 .note.gnu.avr.deviceinfo
                0x00000000       0x40 C:/Program Files (x86)/Atmel/Studio/7.0/Packs/Atmel/ATmega_DFP/1.7.374/gcc/dev/atmega2560/avr6/crtatmega2560.o

.note.gnu.build-id
 *(.note.gnu.build-id)

.debug
 *(.debug)

.line
 *(.line)

.debug_srcinfo
 *(.debug_srcinfo)

.debug_sfnames
 *(.debug_sfnames)

.debug_aranges  0x00000000      0x910
 *(.debug_aranges)
 .debug_aranges
                0x00000000       0x20 FreeRTOS/FreeRTOSTraceDriver/FreeRTOSTraceDriver.o
 .debug_aranges
                0x00000020       0x58 FreeRTOS/src/heap_4.o
 .debug_aranges
                0x00000078       0x40 FreeRTOS/src/list.o
 .debug_aranges
                0x000000b8       0x58 FreeRTOS/src/port.o
 .debug_aranges
                0x00000110       0xf8 FreeRTOS/src/queue.o
 .debug_aranges
                0x00000208       0xc0 FreeRTOS/src/stream_buffer.o
 .debug_aranges
                0x000002c8      0x1d0 FreeRTOS/src/tasks.o
 .debug_aranges
                0x00000498       0xc8 FreeRTOS/src/timers.o
 .debug_aranges
                0x00000560       0x40 FreeRTOS/src/variantHooks.o
 .debug_aranges
                0x000005a0       0x40 main.o
 .debug_aranges
                0x000005e0       0x30 TerrariumFiles/loRaWanHandler.o
 .debug_aranges
                0x00000610      0x138 ../drivers\libIotLibrary.a(lora_driver.o)
 .debug_aranges
                0x00000748       0x28 ../drivers\libIotLibrary.a(lora_driver_utils.o)
 .debug_aranges
                0x00000770       0x90 ../drivers\libIotLibrary.a(serial.o)
 .debug_aranges
                0x00000800       0x38 ../drivers\libIotLibrary.a(stdio_driver.o)
 .debug_aranges
                0x00000838       0x68 ../drivers\libIotLibrary.a(status_leds.o)
 .debug_aranges
                0x000008a0       0x50 ../drivers\libIotLibrary.a(twi.o)
 .debug_aranges
                0x000008f0       0x20 ../drivers\libIotLibrary.a(fifo.o)

.debug_pubnames
 *(.debug_pubnames)

.debug_info     0x00000000     0xba1a
 *(.debug_info .gnu.linkonce.wi.*)
 .debug_info    0x00000000      0xbbc C:/Program Files (x86)/Atmel/Studio/7.0/Packs/Atmel/ATmega_DFP/1.7.374/gcc/dev/atmega2560/avr6/crtatmega2560.o
 .debug_info    0x00000bbc       0x78 FreeRTOS/FreeRTOSTraceDriver/FreeRTOSTraceDriver.o
 .debug_info    0x00000c34      0x4e6 FreeRTOS/src/heap_4.o
 .debug_info    0x0000111a      0x2e7 FreeRTOS/src/list.o
 .debug_info    0x00001401      0x2ff FreeRTOS/src/port.o
 .debug_info    0x00001700     0x17e6 FreeRTOS/src/queue.o
 .debug_info    0x00002ee6     0x13df FreeRTOS/src/stream_buffer.o
 .debug_info    0x000042c5     0x2239 FreeRTOS/src/tasks.o
 .debug_info    0x000064fe     0x10dd FreeRTOS/src/timers.o
 .debug_info    0x000075db      0x20f FreeRTOS/src/variantHooks.o
 .debug_info    0x000077ea      0x480 main.o
 .debug_info    0x00007c6a      0x792 TerrariumFiles/loRaWanHandler.o
 .debug_info    0x000083fc     0x1747 ../drivers\libIotLibrary.a(lora_driver.o)
 .debug_info    0x00009b43      0x143 ../drivers\libIotLibrary.a(lora_driver_utils.o)
 .debug_info    0x00009c86      0xd9c ../drivers\libIotLibrary.a(serial.o)
 .debug_info    0x0000aa22      0x3b6 ../drivers\libIotLibrary.a(stdio_driver.o)
 .debug_info    0x0000add8      0x522 ../drivers\libIotLibrary.a(status_leds.o)
 .debug_info    0x0000b2fa      0x55d ../drivers\libIotLibrary.a(twi.o)
 .debug_info    0x0000b857      0x1c3 ../drivers\libIotLibrary.a(fifo.o)

.debug_abbrev   0x00000000     0x2bc4
 *(.debug_abbrev)
 .debug_abbrev  0x00000000      0xb1a C:/Program Files (x86)/Atmel/Studio/7.0/Packs/Atmel/ATmega_DFP/1.7.374/gcc/dev/atmega2560/avr6/crtatmega2560.o
 .debug_abbrev  0x00000b1a       0x44 FreeRTOS/FreeRTOSTraceDriver/FreeRTOSTraceDriver.o
 .debug_abbrev  0x00000b5e      0x200 FreeRTOS/src/heap_4.o
 .debug_abbrev  0x00000d5e       0xff FreeRTOS/src/list.o
 .debug_abbrev  0x00000e5d      0x179 FreeRTOS/src/port.o
 .debug_abbrev  0x00000fd6      0x241 FreeRTOS/src/queue.o
 .debug_abbrev  0x00001217      0x246 FreeRTOS/src/stream_buffer.o
 .debug_abbrev  0x0000145d      0x2c8 FreeRTOS/src/tasks.o
 .debug_abbrev  0x00001725      0x28c FreeRTOS/src/timers.o
 .debug_abbrev  0x000019b1       0xff FreeRTOS/src/variantHooks.o
 .debug_abbrev  0x00001ab0      0x185 main.o
 .debug_abbrev  0x00001c35      0x1b6 TerrariumFiles/loRaWanHandler.o
 .debug_abbrev  0x00001deb      0x33b ../drivers\libIotLibrary.a(lora_driver.o)
 .debug_abbrev  0x00002126       0xc0 ../drivers\libIotLibrary.a(lora_driver_utils.o)
 .debug_abbrev  0x000021e6      0x355 ../drivers\libIotLibrary.a(serial.o)
 .debug_abbrev  0x0000253b      0x1b3 ../drivers\libIotLibrary.a(stdio_driver.o)
 .debug_abbrev  0x000026ee      0x1d7 ../drivers\libIotLibrary.a(status_leds.o)
 .debug_abbrev  0x000028c5      0x217 ../drivers\libIotLibrary.a(twi.o)
 .debug_abbrev  0x00002adc       0xe8 ../drivers\libIotLibrary.a(fifo.o)

.debug_line     0x00000000     0x5b11
 *(.debug_line .debug_line.* .debug_line_end)
 .debug_line    0x00000000      0x1fa C:/Program Files (x86)/Atmel/Studio/7.0/Packs/Atmel/ATmega_DFP/1.7.374/gcc/dev/atmega2560/avr6/crtatmega2560.o
 .debug_line    0x000001fa       0x63 FreeRTOS/FreeRTOSTraceDriver/FreeRTOSTraceDriver.o
 .debug_line    0x0000025d      0x41f FreeRTOS/src/heap_4.o
 .debug_line    0x0000067c      0x1db FreeRTOS/src/list.o
 .debug_line    0x00000857      0x28a FreeRTOS/src/port.o
 .debug_line    0x00000ae1      0xbe3 FreeRTOS/src/queue.o
 .debug_line    0x000016c4      0x79a FreeRTOS/src/stream_buffer.o
 .debug_line    0x00001e5e     0x15ba FreeRTOS/src/tasks.o
 .debug_line    0x00003418      0x624 FreeRTOS/src/timers.o
 .debug_line    0x00003a3c      0x1af FreeRTOS/src/variantHooks.o
 .debug_line    0x00003beb      0x233 main.o
 .debug_line    0x00003e1e      0x26a TerrariumFiles/loRaWanHandler.o
 .debug_line    0x00004088      0x9aa ../drivers\libIotLibrary.a(lora_driver.o)
 .debug_line    0x00004a32      0x195 ../drivers\libIotLibrary.a(lora_driver_utils.o)
 .debug_line    0x00004bc7      0x6a1 ../drivers\libIotLibrary.a(serial.o)
 .debug_line    0x00005268      0x146 ../drivers\libIotLibrary.a(stdio_driver.o)
 .debug_line    0x000053ae      0x32c ../drivers\libIotLibrary.a(status_leds.o)
 .debug_line    0x000056da      0x31c ../drivers\libIotLibrary.a(twi.o)
 .debug_line    0x000059f6      0x11b ../drivers\libIotLibrary.a(fifo.o)

.debug_frame    0x00000000     0x2244
 *(.debug_frame)
 .debug_frame   0x00000000       0x24 FreeRTOS/FreeRTOSTraceDriver/FreeRTOSTraceDriver.o
 .debug_frame   0x00000024       0xfc FreeRTOS/src/heap_4.o
 .debug_frame   0x00000120       0x90 FreeRTOS/src/list.o
 .debug_frame   0x000001b0       0x94 FreeRTOS/src/port.o
 .debug_frame   0x00000244      0x3a4 FreeRTOS/src/queue.o
 .debug_frame   0x000005e8      0x40c FreeRTOS/src/stream_buffer.o
 .debug_frame   0x000009f4      0x7a0 FreeRTOS/src/tasks.o
 .debug_frame   0x00001194      0x3ac FreeRTOS/src/timers.o
 .debug_frame   0x00001540       0x64 FreeRTOS/src/variantHooks.o
 .debug_frame   0x000015a4       0x94 main.o
 .debug_frame   0x00001638      0x110 TerrariumFiles/loRaWanHandler.o
 .debug_frame   0x00001748      0x460 ../drivers\libIotLibrary.a(lora_driver.o)
 .debug_frame   0x00001ba8       0x48 ../drivers\libIotLibrary.a(lora_driver_utils.o)
 .debug_frame   0x00001bf0      0x384 ../drivers\libIotLibrary.a(serial.o)
 .debug_frame   0x00001f74       0x94 ../drivers\libIotLibrary.a(stdio_driver.o)
 .debug_frame   0x00002008       0xec ../drivers\libIotLibrary.a(status_leds.o)
 .debug_frame   0x000020f4      0x12c ../drivers\libIotLibrary.a(twi.o)
 .debug_frame   0x00002220       0x24 ../drivers\libIotLibrary.a(fifo.o)

.debug_str      0x00000000     0x3a9c
 *(.debug_str)
 .debug_str     0x00000000      0x3e6 C:/Program Files (x86)/Atmel/Studio/7.0/Packs/Atmel/ATmega_DFP/1.7.374/gcc/dev/atmega2560/avr6/crtatmega2560.o
 .debug_str     0x000003e6      0x172 FreeRTOS/FreeRTOSTraceDriver/FreeRTOSTraceDriver.o
                                0x1a6 (size before relaxing)
 .debug_str     0x00000558      0x329 FreeRTOS/src/heap_4.o
                                0x49e (size before relaxing)
 .debug_str     0x00000881      0x135 FreeRTOS/src/list.o
                                0x2da (size before relaxing)
 .debug_str     0x000009b6      0x16e FreeRTOS/src/port.o
                                0x30f (size before relaxing)
 .debug_str     0x00000b24      0x672 FreeRTOS/src/queue.o
                                0x94e (size before relaxing)
 .debug_str     0x00001196      0x4ed FreeRTOS/src/stream_buffer.o
                                0x7d7 (size before relaxing)
 .debug_str     0x00001683      0x941 FreeRTOS/src/tasks.o
                                0xf6f (size before relaxing)
 .debug_str     0x00001fc4      0x414 FreeRTOS/src/timers.o
                                0x845 (size before relaxing)
 .debug_str     0x000023d8       0x81 FreeRTOS/src/variantHooks.o
                                0x286 (size before relaxing)
 .debug_str     0x00002459       0xfb main.o
                                0x338 (size before relaxing)
 .debug_str     0x00002554      0x45b TerrariumFiles/loRaWanHandler.o
                                0x692 (size before relaxing)
 .debug_str     0x000029af      0x7af ../drivers\libIotLibrary.a(lora_driver.o)
                                0xcdb (size before relaxing)
 .debug_str     0x0000315e       0x54 ../drivers\libIotLibrary.a(lora_driver_utils.o)
                                0x206 (size before relaxing)
 .debug_str     0x000031b2      0x2f1 ../drivers\libIotLibrary.a(serial.o)
                                0x628 (size before relaxing)
 .debug_str     0x000034a3       0xa6 ../drivers\libIotLibrary.a(stdio_driver.o)
                                0x37d (size before relaxing)
 .debug_str     0x00003549      0x11b ../drivers\libIotLibrary.a(status_leds.o)
                                0x381 (size before relaxing)
 .debug_str     0x00003664      0x416 ../drivers\libIotLibrary.a(twi.o)
                                0x5b4 (size before relaxing)
 .debug_str     0x00003a7a       0x22 ../drivers\libIotLibrary.a(fifo.o)
                                0x239 (size before relaxing)

.debug_loc      0x00000000     0xb0ae
 *(.debug_loc)
 .debug_loc     0x00000000      0x4be FreeRTOS/src/heap_4.o
 .debug_loc     0x000004be      0x17d FreeRTOS/src/list.o
 .debug_loc     0x0000063b       0xf6 FreeRTOS/src/port.o
 .debug_loc     0x00000731     0x1abd FreeRTOS/src/queue.o
 .debug_loc     0x000021ee     0x1daf FreeRTOS/src/stream_buffer.o
 .debug_loc     0x00003f9d     0x2a07 FreeRTOS/src/tasks.o
 .debug_loc     0x000069a4     0x10f3 FreeRTOS/src/timers.o
 .debug_loc     0x00007a97       0xdc FreeRTOS/src/variantHooks.o
 .debug_loc     0x00007b73      0x118 main.o
 .debug_loc     0x00007c8b      0x3fe TerrariumFiles/loRaWanHandler.o
 .debug_loc     0x00008089     0x1216 ../drivers\libIotLibrary.a(lora_driver.o)
 .debug_loc     0x0000929f      0x1d2 ../drivers\libIotLibrary.a(lora_driver_utils.o)
 .debug_loc     0x00009471     0x114c ../drivers\libIotLibrary.a(serial.o)
 .debug_loc     0x0000a5bd      0x18c ../drivers\libIotLibrary.a(stdio_driver.o)
 .debug_loc     0x0000a749      0x292 ../drivers\libIotLibrary.a(status_leds.o)
 .debug_loc     0x0000a9db      0x575 ../drivers\libIotLibrary.a(twi.o)
 .debug_loc     0x0000af50      0x15e ../drivers\libIotLibrary.a(fifo.o)

.debug_macinfo
 *(.debug_macinfo)

.debug_weaknames
 *(.debug_weaknames)

.debug_funcnames
 *(.debug_funcnames)

.debug_typenames
 *(.debug_typenames)

.debug_varnames
 *(.debug_varnames)

.debug_pubtypes
 *(.debug_pubtypes)

.debug_ranges   0x00000000      0x8a8
 *(.debug_ranges)
 .debug_ranges  0x00000000       0x10 FreeRTOS/FreeRTOSTraceDriver/FreeRTOSTraceDriver.o
 .debug_ranges  0x00000010       0x48 FreeRTOS/src/heap_4.o
 .debug_ranges  0x00000058       0x30 FreeRTOS/src/list.o
 .debug_ranges  0x00000088       0x48 FreeRTOS/src/port.o
 .debug_ranges  0x000000d0      0x130 FreeRTOS/src/queue.o
 .debug_ranges  0x00000200       0xb0 FreeRTOS/src/stream_buffer.o
 .debug_ranges  0x000002b0      0x200 FreeRTOS/src/tasks.o
 .debug_ranges  0x000004b0       0xb8 FreeRTOS/src/timers.o
 .debug_ranges  0x00000568       0x30 FreeRTOS/src/variantHooks.o
 .debug_ranges  0x00000598       0x30 main.o
 .debug_ranges  0x000005c8       0x20 TerrariumFiles/loRaWanHandler.o
 .debug_ranges  0x000005e8      0x128 ../drivers\libIotLibrary.a(lora_driver.o)
 .debug_ranges  0x00000710       0x30 ../drivers\libIotLibrary.a(lora_driver_utils.o)
 .debug_ranges  0x00000740       0x98 ../drivers\libIotLibrary.a(serial.o)
 .debug_ranges  0x000007d8       0x28 ../drivers\libIotLibrary.a(stdio_driver.o)
 .debug_ranges  0x00000800       0x58 ../drivers\libIotLibrary.a(status_leds.o)
 .debug_ranges  0x00000858       0x40 ../drivers\libIotLibrary.a(twi.o)
 .debug_ranges  0x00000898       0x10 ../drivers\libIotLibrary.a(fifo.o)

.debug_macro
 *(.debug_macro)
OUTPUT(4SemesterV2.elf elf32-avr)
LOAD linker stubs
