Archive member included to satisfy reference by file (symbol)

c:/program files (x86)/atmel/studio/7.0/toolchain/avr8/avr8-gnu-toolchain/bin/../lib/gcc/avr/5.4.0/../../../../avr/lib/avr6\libm.a(addsf3.o)
                              TerrariumFiles/dataHandler.o (__addsf3)
c:/program files (x86)/atmel/studio/7.0/toolchain/avr8/avr8-gnu-toolchain/bin/../lib/gcc/avr/5.4.0/../../../../avr/lib/avr6\libm.a(addsf3x.o)
                              c:/program files (x86)/atmel/studio/7.0/toolchain/avr8/avr8-gnu-toolchain/bin/../lib/gcc/avr/5.4.0/../../../../avr/lib/avr6\libm.a(addsf3.o) (__addsf3x)
c:/program files (x86)/atmel/studio/7.0/toolchain/avr8/avr8-gnu-toolchain/bin/../lib/gcc/avr/5.4.0/../../../../avr/lib/avr6\libm.a(divsf3.o)
                              TerrariumFiles/dataHandler.o (__divsf3)
c:/program files (x86)/atmel/studio/7.0/toolchain/avr8/avr8-gnu-toolchain/bin/../lib/gcc/avr/5.4.0/../../../../avr/lib/avr6\libm.a(divsf3x.o)
                              c:/program files (x86)/atmel/studio/7.0/toolchain/avr8/avr8-gnu-toolchain/bin/../lib/gcc/avr/5.4.0/../../../../avr/lib/avr6\libm.a(divsf3.o) (__divsf3x)
c:/program files (x86)/atmel/studio/7.0/toolchain/avr8/avr8-gnu-toolchain/bin/../lib/gcc/avr/5.4.0/../../../../avr/lib/avr6\libm.a(floatsisf.o)
                              TerrariumFiles/dataHandler.o (__floatsisf)
c:/program files (x86)/atmel/studio/7.0/toolchain/avr8/avr8-gnu-toolchain/bin/../lib/gcc/avr/5.4.0/../../../../avr/lib/avr6\libm.a(fp_inf.o)
                              c:/program files (x86)/atmel/studio/7.0/toolchain/avr8/avr8-gnu-toolchain/bin/../lib/gcc/avr/5.4.0/../../../../avr/lib/avr6\libm.a(addsf3x.o) (__fp_inf)
c:/program files (x86)/atmel/studio/7.0/toolchain/avr8/avr8-gnu-toolchain/bin/../lib/gcc/avr/5.4.0/../../../../avr/lib/avr6\libm.a(fp_nan.o)
                              c:/program files (x86)/atmel/studio/7.0/toolchain/avr8/avr8-gnu-toolchain/bin/../lib/gcc/avr/5.4.0/../../../../avr/lib/avr6\libm.a(addsf3x.o) (__fp_nan)
c:/program files (x86)/atmel/studio/7.0/toolchain/avr8/avr8-gnu-toolchain/bin/../lib/gcc/avr/5.4.0/../../../../avr/lib/avr6\libm.a(fp_pscA.o)
                              c:/program files (x86)/atmel/studio/7.0/toolchain/avr8/avr8-gnu-toolchain/bin/../lib/gcc/avr/5.4.0/../../../../avr/lib/avr6\libm.a(addsf3x.o) (__fp_pscA)
c:/program files (x86)/atmel/studio/7.0/toolchain/avr8/avr8-gnu-toolchain/bin/../lib/gcc/avr/5.4.0/../../../../avr/lib/avr6\libm.a(fp_pscB.o)
                              c:/program files (x86)/atmel/studio/7.0/toolchain/avr8/avr8-gnu-toolchain/bin/../lib/gcc/avr/5.4.0/../../../../avr/lib/avr6\libm.a(addsf3x.o) (__fp_pscB)
c:/program files (x86)/atmel/studio/7.0/toolchain/avr8/avr8-gnu-toolchain/bin/../lib/gcc/avr/5.4.0/../../../../avr/lib/avr6\libm.a(fp_round.o)
                              c:/program files (x86)/atmel/studio/7.0/toolchain/avr8/avr8-gnu-toolchain/bin/../lib/gcc/avr/5.4.0/../../../../avr/lib/avr6\libm.a(addsf3.o) (__fp_round)
c:/program files (x86)/atmel/studio/7.0/toolchain/avr8/avr8-gnu-toolchain/bin/../lib/gcc/avr/5.4.0/../../../../avr/lib/avr6\libm.a(fp_split3.o)
                              c:/program files (x86)/atmel/studio/7.0/toolchain/avr8/avr8-gnu-toolchain/bin/../lib/gcc/avr/5.4.0/../../../../avr/lib/avr6\libm.a(addsf3x.o) (__fp_split3)
c:/program files (x86)/atmel/studio/7.0/toolchain/avr8/avr8-gnu-toolchain/bin/../lib/gcc/avr/5.4.0/../../../../avr/lib/avr6\libm.a(fp_zero.o)
                              c:/program files (x86)/atmel/studio/7.0/toolchain/avr8/avr8-gnu-toolchain/bin/../lib/gcc/avr/5.4.0/../../../../avr/lib/avr6\libm.a(addsf3x.o) (__fp_zero)
../drivers\libIotLibrary.a(hih8120.o)
                              main.o (hih8120_initialise)
../drivers\libIotLibrary.a(lora_driver.o)
                              TerrariumFiles/loRaWanHandler.o (lora_driver_flushBuffers)
../drivers\libIotLibrary.a(lora_driver_utils.o)
                              ../drivers\libIotLibrary.a(lora_driver.o) (decode_port_no)
../drivers\libIotLibrary.a(serial.o)
                              ../drivers\libIotLibrary.a(lora_driver.o) (serial_create)
../drivers\libIotLibrary.a(stdio_driver.o)
                              main.o (stdio_initialise)
../drivers\libIotLibrary.a(status_leds.o)
                              TerrariumFiles/loRaWanHandler.o (status_leds_slowBlink)
../drivers\libIotLibrary.a(twi.o)
                              ../drivers\libIotLibrary.a(hih8120.o) (twiCreate)
../drivers\libIotLibrary.a(fifo.o)
                              ../drivers\libIotLibrary.a(serial.o) (fifo_init)
c:/program files (x86)/atmel/studio/7.0/toolchain/avr8/avr8-gnu-toolchain/bin/../lib/gcc/avr/5.4.0/../../../../avr/lib/avr6\libm.a(fixsfsi.o)
                              ../drivers\libIotLibrary.a(hih8120.o) (__fixsfsi)
c:/program files (x86)/atmel/studio/7.0/toolchain/avr8/avr8-gnu-toolchain/bin/../lib/gcc/avr/5.4.0/../../../../avr/lib/avr6\libm.a(fixunssfsi.o)
[...]
Memory Configuration

Name             Origin             Length             Attributes
text             0x00000000         0x00040000         xr
data             0x00800200         0x00002000         rw !x
eeprom           0x00810000         0x00001000         rw !x
fuse             0x00820000         0x00000003         rw !x
lock             0x00830000         0x00000400         rw !x
signature        0x00840000         0x00000400         rw !x
user_signatures  0x00850000         0x00000400         rw !x
*default*        0x00000000         0xffffffff

Linker script and memory map

Address of section .data set to 0x800200
LOAD C:/Program Files (x86)/Atmel/Studio/7.0/Packs/Atmel/ATmega_DFP/1.7.374/gcc/dev/atmega2560/avr6/crtatmega2560.o
LOAD FreeRTOS/FreeRTOSTraceDriver/FreeRTOSTraceDriver.o
LOAD FreeRTOS/src/croutine.o
LOAD FreeRTOS/src/event_groups.o
LOAD FreeRTOS/src/heap_4.o
LOAD FreeRTOS/src/list.o
LOAD FreeRTOS/src/port.o
LOAD FreeRTOS/src/queue.o
LOAD FreeRTOS/src/stream_buffer.o
LOAD FreeRTOS/src/tasks.o
LOAD FreeRTOS/src/timers.o
LOAD FreeRTOS/src/variantHooks.o
LOAD TerrariumFiles/dataHandler.o
LOAD TerrariumFiles/loRaWanHandler.o
LOAD TerrariumFiles/temperature_Sensor.o
LOAD TerrariumFiles/terrarium.o
LOAD main.o
START GROUP
LOAD c:/program files (x86)/atmel/studio/7.0/toolchain/avr8/avr8-gnu-toolchain/bin/../lib/gcc/avr/5.4.0/../../../../avr/lib/avr6\libm.a
LOAD ../drivers\libIotLibrary.a
END GROUP
START GROUP
LOAD c:/program files (x86)/atmel/studio/7.0/toolchain/avr8/avr8-gnu-toolchain/bin/../lib/gcc/avr/5.4.0/avr6\libgcc.a
LOAD c:/program files (x86)/atmel/studio/7.0/toolchain/avr8/avr8-gnu-toolchain/bin/../lib/gcc/avr/5.4.0/../../../../avr/lib/avr6\libm.a
LOAD c:/program files (x86)/atmel/studio/7.0/toolchain/avr8/avr8-gnu-toolchain/bin/../lib/gcc/avr/5.4.0/../../../../avr/lib/avr6\libc.a
LOAD C:/Program Files (x86)/Atmel/Studio/7.0/Packs/Atmel/ATmega_DFP/1.7.374/gcc/dev/atmega2560/avr6\libatmega2560.a
END GROUP
                0x00000000                __TEXT_REGION_ORIGIN__ = DEFINED (__TEXT_REGION_ORIGIN__)?__TEXT_REGION_ORIGIN__:0x0
                [0x00800200]                __DATA_REGION_ORIGIN__ = DEFINED (__DATA_REGION_ORIGIN__)?__DATA_REGION_ORIGIN__:0x800200
                [0x00040000]                __TEXT_REGION_LENGTH__ = DEFINED (__TEXT_REGION_LENGTH__)?__TEXT_REGION_LENGTH__:0x100000
                [0x00002000]                __DATA_REGION_LENGTH__ = DEFINED (__DATA_REGION_LENGTH__)?__DATA_REGION_LENGTH__:0xfe00
                [0x00001000]                __EEPROM_REGION_LENGTH__ = DEFINED (__EEPROM_REGION_LENGTH__)?__EEPROM_REGION_LENGTH__:0x10000
                [0x00000003]                __FUSE_REGION_LENGTH__ = DEFINED (__FUSE_REGION_LENGTH__)?__FUSE_REGION_LENGTH__:0x400
                0x00000400                __LOCK_REGION_LENGTH__ = DEFINED (__LOCK_REGION_LENGTH__)?__LOCK_REGION_LENGTH__:0x400
                0x00000400                __SIGNATURE_REGION_LENGTH__ = DEFINED (__SIGNATURE_REGION_LENGTH__)?__SIGNATURE_REGION_LENGTH__:0x400
                0x00000400                __USER_SIGNATURE_REGION_LENGTH__ = DEFINED (__USER_SIGNATURE_REGION_LENGTH__)?__USER_SIGNATURE_REGION_LENGTH__:0x400

.hash
 *(.hash)

.dynsym
 *(.dynsym)

.dynstr
 *(.dynstr)

.gnu.version
 *(.gnu.version)

.gnu.version_d
 *(.gnu.version_d)

.gnu.version_r
 *(.gnu.version_r)

.rel.init
 *(.rel.init)

.rela.init
 *(.rela.init)

.rel.text
 *(.rel.text)
 *(.rel.text.*)
 *(.rel.gnu.linkonce.t*)

.rela.text
 *(.rela.text)
 *(.rela.text.*)
 *(.rela.gnu.linkonce.t*)

.rel.fini
 *(.rel.fini)

.rela.fini
 *(.rela.fini)

.rel.rodata
 *(.rel.rodata)
 *(.rel.rodata.*)
 *(.rel.gnu.linkonce.r*)

.rela.rodata
 *(.rela.rodata)
 *(.rela.rodata.*)
 *(.rela.gnu.linkonce.r*)

.rel.data
 *(.rel.data)
 *(.rel.data.*)
 *(.rel.gnu.linkonce.d*)

.rela.data
 *(.rela.data)
 *(.rela.data.*)
 *(.rela.gnu.linkonce.d*)

.rel.ctors
 *(.rel.ctors)

.rela.ctors
 *(.rela.ctors)

.rel.dtors
 *(.rel.dtors)

.rela.dtors
 *(.rela.dtors)

.rel.got
 *(.rel.got)

.rela.got
 *(.rela.got)

.rel.bss
 *(.rel.bss)

.rela.bss
 *(.rela.bss)

.rel.plt
 *(.rel.plt)

.rela.plt
 *(.rela.plt)

.text           0x00000000     0x56aa
 *(.vectors)
 .vectors       0x00000000       0xe4 C:/Program Files (x86)/Atmel/Studio/7.0/Packs/Atmel/ATmega_DFP/1.7.374/gcc/dev/atmega2560/avr6/crtatmega2560.o
                0x00000000                __vector_default
                0x00000000                __vectors
 *(.vectors)
 *(.progmem.gcc*)
 .progmem.gcc_sw_table.prvProcessReceivedCommands
                0x000000e4       0x14 FreeRTOS/src/timers.o
 .progmem.gcc_sw_table.__vector_39
                0x000000f8       0xa2 ../drivers\libIotLibrary.a(twi.o)
                0x0000019a                . = ALIGN (0x2)
                0x0000019a                __trampolines_start = .
 *(.trampolines)
 .trampolines   0x0000019a        0x0 linker stubs
 *(.trampolines*)
                0x0000019a                __trampolines_end = .
 *libprintf_flt.a:*(.progmem.data)
 *libc.a:*(.progmem.data)
 *(.progmem*)
                0x0000019a                . = ALIGN (0x2)
 *(.jumptables)
 *(.jumptables*)
 *(.lowtext)
 .lowtext       0x0000019a       0x14 FreeRTOS/src/tasks.o
 .lowtext       0x000001ae       0x1e FreeRTOS/src/timers.o
 *(.lowtext*)
                0x000001cc                __ctors_start = .
 *(.ctors)
                0x000001cc                __ctors_end = .
                0x000001cc                __dtors_start = .
 *(.dtors)
                0x000001cc                __dtors_end = .
 SORT(*)(.ctors)
 SORT(*)(.dtors)
 *(.init0)
 .init0         0x000001cc        0x0 C:/Program Files (x86)/Atmel/Studio/7.0/Packs/Atmel/ATmega_DFP/1.7.374/gcc/dev/atmega2560/avr6/crtatmega2560.o
                0x000001cc                __init
 *(.init0)
 *(.init1)
 *(.init1)
 *(.init2)
 .init2         0x000001cc       0x10 C:/Program Files (x86)/Atmel/Studio/7.0/Packs/Atmel/ATmega_DFP/1.7.374/gcc/dev/atmega2560/avr6/crtatmega2560.o
 *(.init2)
 *(.init3)
 *(.init3)
 *(.init4)
 .init4         0x000001dc       0x1a c:/program files (x86)/atmel/studio/7.0/toolchain/avr8/avr8-gnu-toolchain/bin/../lib/gcc/avr/5.4.0/avr6\libgcc.a(_copy_data.o)
                0x000001dc                __do_copy_data
 .init4         0x000001f6       0x10 c:/program files (x86)/atmel/studio/7.0/toolchain/avr8/avr8-gnu-toolchain/bin/../lib/gcc/avr/5.4.0/avr6\libgcc.a(_clear_bss.o)
                0x000001f6                __do_clear_bss
 *(.init4)
 *(.init5)
 *(.init5)
 *(.init6)
 *(.init6)
 *(.init7)
 *(.init7)
 *(.init8)
 *(.init8)
 *(.init9)
 .init9         0x00000206        0x8 C:/Program Files (x86)/Atmel/Studio/7.0/Packs/Atmel/ATmega_DFP/1.7.374/gcc/dev/atmega2560/avr6/crtatmega2560.o
 *(.init9)
 *(.text)
 .text          0x0000020e        0x2 C:/Program Files (x86)/Atmel/Studio/7.0/Packs/Atmel/ATmega_DFP/1.7.374/gcc/dev/atmega2560/avr6/crtatmega2560.o
                0x0000020e                __vector_38
                0x0000020e                __vector_22
                0x0000020e                __vector_28
                0x0000020e                __vector_1
                0x0000020e                __vector_32
                0x0000020e                __vector_34
                0x0000020e                __vector_24
                0x0000020e                __vector_46
                0x0000020e                __bad_interrupt
                0x0000020e                __vector_6
                0x0000020e                __vector_31
                0x0000020e                __vector_35
                0x0000020e                __vector_3
                0x0000020e                __vector_23
                0x0000020e                __vector_30
                0x0000020e                __vector_45
                0x0000020e                __vector_11
                0x0000020e                __vector_13
                0x0000020e                __vector_17
                0x0000020e                __vector_19
                0x0000020e                __vector_56
                0x0000020e                __vector_7
                0x0000020e                __vector_49
                0x0000020e                __vector_41
                0x0000020e                __vector_43
                0x0000020e                __vector_27
                0x0000020e                __vector_5
                0x0000020e                __vector_33
                0x0000020e                __vector_47
                0x0000020e                __vector_4
                0x0000020e                __vector_44
                0x0000020e                __vector_9
                0x0000020e                __vector_2
                0x0000020e                __vector_21
                0x0000020e                __vector_15
                0x0000020e                __vector_29
                0x0000020e                __vector_40
                0x0000020e                __vector_8
                0x0000020e                __vector_48
                0x0000020e                __vector_14
                0x0000020e                __vector_53
                0x0000020e                __vector_10
                0x0000020e                __vector_50
                0x0000020e                __vector_16
                0x0000020e                __vector_18
                0x0000020e                __vector_20
                0x0000020e                __vector_42
                0x00000210                . = ALIGN (0x2)
 *(.text.*)
 .text.trace_init
                0x00000210        0x2 FreeRTOS/FreeRTOSTraceDriver/FreeRTOSTraceDriver.o
                0x00000210                trace_init
 .text.prvHeapInit
                0x00000212       0x52 FreeRTOS/src/heap_4.o
 .text.prvInsertBlockIntoFreeList
                0x00000264       0x94 FreeRTOS/src/heap_4.o
 .text.pvPortMalloc
                0x000002f8      0x152 FreeRTOS/src/heap_4.o
                0x000002f8                pvPortMalloc
 .text.vPortFree
                0x0000044a       0x7a FreeRTOS/src/heap_4.o
                0x0000044a                vPortFree
 .text.vListInitialise
                0x000004c4       0x22 FreeRTOS/src/list.o
                0x000004c4                vListInitialise
 .text.vListInitialiseItem
                0x000004e6        0x8 FreeRTOS/src/list.o
                0x000004e6                vListInitialiseItem
 .text.vListInsert
                0x000004ee       0x7a FreeRTOS/src/list.o
                0x000004ee                vListInsert
 .text.uxListRemove
                0x00000568       0x4e FreeRTOS/src/list.o
                0x00000568                uxListRemove
 .text.prvSetupTimerInterrupt
                0x000005b6       0x18 FreeRTOS/src/port.o
 .text.pxPortInitialiseStack
                0x000005ce       0x2e FreeRTOS/src/port.o
                0x000005ce                pxPortInitialiseStack
 .text.xPortStartScheduler
                0x000005fc       0x64 FreeRTOS/src/port.o
                0x000005fc                xPortStartScheduler
 .text.vPortYield
                0x00000660       0xc2 FreeRTOS/src/port.o
                0x00000660                vPortYield
 .text.vPortYieldFromTick
                0x00000722       0xca FreeRTOS/src/port.o
                0x00000722                vPortYieldFromTick
 .text.__vector_12
                0x000007ec        0x4 FreeRTOS/src/port.o
                0x000007ec                __vector_12
 .text.prvIsQueueEmpty
                0x000007f0       0x1a FreeRTOS/src/queue.o
 .text.prvIsQueueFull
                0x0000080a       0x1c FreeRTOS/src/queue.o
 .text.prvCopyDataToQueue
                0x00000826       0xbe FreeRTOS/src/queue.o
 .text.prvCopyDataFromQueue
                0x000008e4       0x34 FreeRTOS/src/queue.o
 .text.prvUnlockQueue
                0x00000918       0x68 FreeRTOS/src/queue.o
 .text.xQueueGenericReset
                0x00000980       0x86 FreeRTOS/src/queue.o
                0x00000980                xQueueGenericReset
 .text.prvInitialiseNewQueue
                0x00000a06       0x24 FreeRTOS/src/queue.o
 .text.xQueueGenericCreate
                0x00000a2a       0x46 FreeRTOS/src/queue.o
                0x00000a2a                xQueueGenericCreate
 .text.xQueueGenericSend
                0x00000a70      0x120 FreeRTOS/src/queue.o
                0x00000a70                xQueueGenericSend
 .text.xQueueGenericSendFromISR
                0x00000b90       0x76 FreeRTOS/src/queue.o
                0x00000b90                xQueueGenericSendFromISR
 .text.xQueueReceive
                0x00000c06      0x11e FreeRTOS/src/queue.o
                0x00000c06                xQueueReceive
 .text.vQueueWaitForMessageRestricted
                0x00000d24       0x38 FreeRTOS/src/queue.o
                0x00000d24                vQueueWaitForMessageRestricted
 .text.prvBytesInBuffer
                0x00000d5c       0x26 FreeRTOS/src/stream_buffer.o
 .text.prvInitialiseNewStreamBuffer
                0x00000d82       0x20 FreeRTOS/src/stream_buffer.o
 .text.prvWriteBytesToBuffer
                0x00000da2       0x92 FreeRTOS/src/stream_buffer.o
 .text.prvWriteMessageToBuffer
                0x00000e34       0x86 FreeRTOS/src/stream_buffer.o
 .text.prvReadBytesFromBuffer
                0x00000eba       0x9e FreeRTOS/src/stream_buffer.o
 .text.prvReadMessageFromBuffer
                0x00000f58       0x8a FreeRTOS/src/stream_buffer.o
 .text.xStreamBufferGenericCreate
                0x00000fe2       0x64 FreeRTOS/src/stream_buffer.o
                0x00000fe2                xStreamBufferGenericCreate
 .text.xStreamBufferReset
                0x00001046       0x3c FreeRTOS/src/stream_buffer.o
                0x00001046                xStreamBufferReset
 .text.xStreamBufferSpacesAvailable
                0x00001082       0x24 FreeRTOS/src/stream_buffer.o
                0x00001082                xStreamBufferSpacesAvailable
 .text.xStreamBufferSend
                0x000010a6      0x186 FreeRTOS/src/stream_buffer.o
                0x000010a6                xStreamBufferSend
 .text.xStreamBufferSendFromISR
                0x0000122c       0x88 FreeRTOS/src/stream_buffer.o
                0x0000122c                xStreamBufferSendFromISR
 .text.xStreamBufferReceive
                0x000012b4      0x102 FreeRTOS/src/stream_buffer.o
                0x000012b4                xStreamBufferReceive
 .text.prvResetNextTaskUnblockTime
                0x000013b6       0x4e FreeRTOS/src/tasks.o
 .text.prvDeleteTCB
                0x00001404       0x16 FreeRTOS/src/tasks.o
 .text.prvInitialiseNewTask
                0x0000141a       0xf6 FreeRTOS/src/tasks.o
 .text.prvInitialiseTaskLists
                0x00001510       0x60 FreeRTOS/src/tasks.o
 .text.prvAddNewTaskToReadyList
                0x00001570       0xdc FreeRTOS/src/tasks.o
 .text.prvCheckTasksWaitingTermination
                0x0000164c       0x4a FreeRTOS/src/tasks.o
 .text.prvAddCurrentTaskToDelayedList
                0x00001696      0x144 FreeRTOS/src/tasks.o
 .text.xTaskCreate
                0x000017da       0x98 FreeRTOS/src/tasks.o
                0x000017da                xTaskCreate
 .text.vTaskStartScheduler
                0x00001872       0x70 FreeRTOS/src/tasks.o
                0x00001872                vTaskStartScheduler
 .text.vTaskSuspendAll
                0x000018e2        0xc FreeRTOS/src/tasks.o
                0x000018e2                vTaskSuspendAll
 .text.xTaskGetTickCount
                0x000018ee       0x1c FreeRTOS/src/tasks.o
                0x000018ee                xTaskGetTickCount
 .text.xTaskIncrementTick
                0x0000190a      0x258 FreeRTOS/src/tasks.o
                0x0000190a                xTaskIncrementTick
 .text.xTaskResumeAll
                0x00001b62      0x1b8 FreeRTOS/src/tasks.o
                0x00001b62                xTaskResumeAll
 .text.xTaskDelayUntil
                0x00001d1a       0xca FreeRTOS/src/tasks.o
                0x00001d1a                xTaskDelayUntil
 .text.vTaskDelay
                0x00001de4       0x36 FreeRTOS/src/tasks.o
                0x00001de4                vTaskDelay
 .text.vTaskSwitchContext
                0x00001e1a       0xca FreeRTOS/src/tasks.o
                0x00001e1a                vTaskSwitchContext
 .text.vTaskPlaceOnEventList
                0x00001ee4       0x2e FreeRTOS/src/tasks.o
                0x00001ee4                vTaskPlaceOnEventList
 .text.vTaskPlaceOnEventListRestricted
                0x00001f12       0x84 FreeRTOS/src/tasks.o
                0x00001f12                vTaskPlaceOnEventListRestricted
 .text.xTaskRemoveFromEventList
                0x00001f96      0x15e FreeRTOS/src/tasks.o
                0x00001f96                xTaskRemoveFromEventList
 .text.vTaskSetTimeOutState
                0x000020f4       0x2c FreeRTOS/src/tasks.o
                0x000020f4                vTaskSetTimeOutState
 .text.vTaskInternalSetTimeOutState
                0x00002120       0x22 FreeRTOS/src/tasks.o
                0x00002120                vTaskInternalSetTimeOutState
 .text.xTaskCheckForTimeOut
                0x00002142       0xcc FreeRTOS/src/tasks.o
                0x00002142                xTaskCheckForTimeOut
 .text.vTaskMissedYield
                0x0000220e        0x8 FreeRTOS/src/tasks.o
                0x0000220e                vTaskMissedYield
 .text.xTaskGetCurrentTaskHandle
                0x00002216        0xa FreeRTOS/src/tasks.o
                0x00002216                xTaskGetCurrentTaskHandle
 .text.xTaskGetSchedulerState
                0x00002220       0x1c FreeRTOS/src/tasks.o
                0x00002220                xTaskGetSchedulerState
 .text.xTaskPriorityDisinherit
                0x0000223c       0xb6 FreeRTOS/src/tasks.o
                0x0000223c                xTaskPriorityDisinherit
 .text.xTaskGenericNotifyWait
                0x000022f2      0x14e FreeRTOS/src/tasks.o
                0x000022f2                xTaskGenericNotifyWait
 .text.xTaskGenericNotify
                0x00002440      0x1ee FreeRTOS/src/tasks.o
                0x00002440                xTaskGenericNotify
 .text.xTaskGenericNotifyFromISR
                0x0000262e      0x244 FreeRTOS/src/tasks.o
                0x0000262e                xTaskGenericNotifyFromISR
 .text.xTaskGenericNotifyStateClear
                0x00002872       0x34 FreeRTOS/src/tasks.o
                0x00002872                xTaskGenericNotifyStateClear
 .text.prvGetNextExpireTime
                0x000028a6       0x30 FreeRTOS/src/timers.o
 .text.prvInsertTimerInActiveList
                0x000028d6       0x92 FreeRTOS/src/timers.o
 .text.prvCheckForValidListAndQueue
                0x00002968       0x52 FreeRTOS/src/timers.o
 .text.xTimerCreateTimerTask
                0x000029ba       0x42 FreeRTOS/src/timers.o
                0x000029ba                xTimerCreateTimerTask
 .text.xTimerGenericCommand
                0x000029fc       0xbc FreeRTOS/src/timers.o
                0x000029fc                xTimerGenericCommand
 .text.prvSwitchTimerLists
                0x00002ab8       0xd0 FreeRTOS/src/timers.o
 .text.prvSampleTimeNow
                0x00002b88       0x5c FreeRTOS/src/timers.o
 .text.prvProcessExpiredTimer
                0x00002be4       0xac FreeRTOS/src/timers.o
 .text.prvProcessTimerOrBlockTask
                0x00002c90       0xae FreeRTOS/src/timers.o
 .text.prvProcessReceivedCommands
                0x00002d3e      0x168 FreeRTOS/src/timers.o
 .text.vApplicationIdleHook
                0x00002ea6        0x2 FreeRTOS/src/variantHooks.o
                0x00002ea6                vApplicationIdleHook
 .text.prvSetMainLedOn
                0x00002ea8        0xe FreeRTOS/src/variantHooks.o
                0x00002ea8                prvSetMainLedOn
 .text.prvBlinkMainLed
                0x00002eb6        0x8 FreeRTOS/src/variantHooks.o
                0x00002eb6                prvBlinkMainLed
 .text.vApplicationMallocFailedHook
                0x00002ebe       0x18 FreeRTOS/src/variantHooks.o
                0x00002ebe                vApplicationMallocFailedHook
 .text.vApplicationStackOverflowHook
                0x00002ed6       0x18 FreeRTOS/src/variantHooks.o
                0x00002ed6                vApplicationStackOverflowHook
 .text._lora_setup
                0x00002eee      0x170 TerrariumFiles/loRaWanHandler.o
 .text.lora_handler_task
                0x0000305e       0xb2 TerrariumFiles/loRaWanHandler.o
                0x0000305e                lora_handler_task
 .text.tempSensorTask
                0x00003110       0x6e TerrariumFiles/temperature_Sensor.o
                0x00003110                tempSensorTask
 .text.main     0x0000317e       0x90 main.o
                0x0000317e                main
 .text.avr-libc.fplib
                0x0000320e        0xa c:/program files (x86)/atmel/studio/7.0/toolchain/avr8/avr8-gnu-toolchain/bin/../lib/gcc/avr/5.4.0/../../../../avr/lib/avr6\libm.a(addsf3.o)
                0x0000320e                __subsf3
                0x00003210                __addsf3
 .text.avr-libc.fplib
                0x00003218       0xc0 c:/program files (x86)/atmel/studio/7.0/toolchain/avr8/avr8-gnu-toolchain/bin/../lib/gcc/avr/5.4.0/../../../../avr/lib/avr6\libm.a(addsf3x.o)
                0x00003232                __addsf3x
 .text.avr-libc.fplib
                0x000032d8        0x4 c:/program files (x86)/atmel/studio/7.0/toolchain/avr8/avr8-gnu-toolchain/bin/../lib/gcc/avr/5.4.0/../../../../avr/lib/avr6\libm.a(divsf3.o)
                0x000032d8                __divsf3
 .text.avr-libc.fplib
                0x000032dc       0xcc c:/program files (x86)/atmel/studio/7.0/toolchain/avr8/avr8-gnu-toolchain/bin/../lib/gcc/avr/5.4.0/../../../../avr/lib/avr6\libm.a(divsf3x.o)
                0x000032f2                __divsf3x
                0x000032f6                __divsf3_pse
 .text.avr-libc.fplib
                0x000033a8       0x7a c:/program files (x86)/atmel/studio/7.0/toolchain/avr8/avr8-gnu-toolchain/bin/../lib/gcc/avr/5.4.0/../../../../avr/lib/avr6\libm.a(floatsisf.o)
                0x000033a8                __floatunsisf
                0x000033ac                __floatsisf
 .text.avr-libc.fplib
                0x00003422        0xc c:/program files (x86)/atmel/studio/7.0/toolchain/avr8/avr8-gnu-toolchain/bin/../lib/gcc/avr/5.4.0/../../../../avr/lib/avr6\libm.a(fp_inf.o)
                0x00003422                __fp_inf
 .text.avr-libc.fplib
                0x0000342e        0x6 c:/program files (x86)/atmel/studio/7.0/toolchain/avr8/avr8-gnu-toolchain/bin/../lib/gcc/avr/5.4.0/../../../../avr/lib/avr6\libm.a(fp_nan.o)
                0x0000342e                __fp_nan
 .text.avr-libc.fplib
                0x00003434        0xe c:/program files (x86)/atmel/studio/7.0/toolchain/avr8/avr8-gnu-toolchain/bin/../lib/gcc/avr/5.4.0/../../../../avr/lib/avr6\libm.a(fp_pscA.o)
                0x00003434                __fp_pscA
 .text.avr-libc.fplib
                0x00003442        0xe c:/program files (x86)/atmel/studio/7.0/toolchain/avr8/avr8-gnu-toolchain/bin/../lib/gcc/avr/5.4.0/../../../../avr/lib/avr6\libm.a(fp_pscB.o)
                0x00003442                __fp_pscB
 .text.avr-libc.fplib
                0x00003450       0x22 c:/program files (x86)/atmel/studio/7.0/toolchain/avr8/avr8-gnu-toolchain/bin/../lib/gcc/avr/5.4.0/../../../../avr/lib/avr6\libm.a(fp_round.o)
                0x00003450                __fp_round
 .text.avr-libc.fplib
                0x00003472       0x44 c:/program files (x86)/atmel/studio/7.0/toolchain/avr8/avr8-gnu-toolchain/bin/../lib/gcc/avr/5.4.0/../../../../avr/lib/avr6\libm.a(fp_split3.o)
                0x00003472                __fp_split3
                0x00003482                __fp_splitA
 .text.avr-libc.fplib
                0x000034b6        0xe c:/program files (x86)/atmel/studio/7.0/toolchain/avr8/avr8-gnu-toolchain/bin/../lib/gcc/avr/5.4.0/../../../../avr/lib/avr6\libm.a(fp_zero.o)
                0x000034b6                __fp_zero
                0x000034b8                __fp_szero
 .text._hihTwiCallback
                0x000034c4       0x5a ../drivers\libIotLibrary.a(hih8120.o)
 .text.hih8120_initialise
                0x0000351e       0x30 ../drivers\libIotLibrary.a(hih8120.o)
                0x0000351e                hih8120_initialise
 .text.hih8120_wakeup
                0x0000354e       0x2a ../drivers\libIotLibrary.a(hih8120.o)
                0x0000354e                hih8120_wakeup
 .text.hih8120_measure
                0x00003578       0x22 ../drivers\libIotLibrary.a(hih8120.o)
                0x00003578                hih8120_measure
 .text._serialCallBack
                0x0000359a       0x8c ../drivers\libIotLibrary.a(lora_driver.o)
 .text._uploadMessage
                0x00003626       0xb4 ../drivers\libIotLibrary.a(lora_driver.o)
 .text._reply2ReturnCode
                0x000036da       0xea ../drivers\libIotLibrary.a(lora_driver.o)
 .text._uploadMessageRc
                0x000037c4        0x6 ../drivers\libIotLibrary.a(lora_driver.o)
 .text.lora_driver_flushBuffers
                0x000037ca        0xe ../drivers\libIotLibrary.a(lora_driver.o)
                0x000037ca                lora_driver_flushBuffers
 .text.lora_driver_initialise
                0x000037d8       0x80 ../drivers\libIotLibrary.a(lora_driver.o)
                0x000037d8                lora_driver_initialise
 .text.lora_driver_resetRn2483
                0x00003858       0x1c ../drivers\libIotLibrary.a(lora_driver.o)
                0x00003858                lora_driver_resetRn2483
 .text.lora_driver_rn2483FactoryReset
                0x00003874       0x24 ../drivers\libIotLibrary.a(lora_driver.o)
                0x00003874                lora_driver_rn2483FactoryReset
 .text.lora_driver_getRn2483Hweui
                0x00003898       0x38 ../drivers\libIotLibrary.a(lora_driver.o)
                0x00003898                lora_driver_getRn2483Hweui
 .text.lora_driver_setDeviceIdentifier
                0x000038d0       0x22 ../drivers\libIotLibrary.a(lora_driver.o)
                0x000038d0                lora_driver_setDeviceIdentifier
 .text.lora_driver_setApplicationIdentifier
                0x000038f2       0x22 ../drivers\libIotLibrary.a(lora_driver.o)
                0x000038f2                lora_driver_setApplicationIdentifier
 .text.lora_driver_setApplicationKey
                0x00003914       0x22 ../drivers\libIotLibrary.a(lora_driver.o)
                0x00003914                lora_driver_setApplicationKey
 .text.lora_driver_saveMac
                0x00003936        0xc ../drivers\libIotLibrary.a(lora_driver.o)
                0x00003936                lora_driver_saveMac
 .text.lora_driver_join
                0x00003942       0x52 ../drivers\libIotLibrary.a(lora_driver.o)
                0x00003942                lora_driver_join
 .text.lora_driver_sendUploadMessage
                0x00003994      0x196 ../drivers\libIotLibrary.a(lora_driver.o)
                0x00003994                lora_driver_sendUploadMessage
 .text.lora_driver_setAdaptiveDataRate
                0x00003b2a       0x16 ../drivers\libIotLibrary.a(lora_driver.o)
                0x00003b2a                lora_driver_setAdaptiveDataRate
 .text.lora_driver_setReceiveDelay
                0x00003b40       0x30 ../drivers\libIotLibrary.a(lora_driver.o)
                0x00003b40                lora_driver_setReceiveDelay
 .text.lora_driver_configureToEu868
                0x00003b70      0x1bc ../drivers\libIotLibrary.a(lora_driver.o)
                0x00003b70                lora_driver_configureToEu868
 .text.lora_driver_setOtaaIdentity
                0x00003d2c       0x42 ../drivers\libIotLibrary.a(lora_driver.o)
                0x00003d2c                lora_driver_setOtaaIdentity
 .text.lora_driver_mapReturnCodeToText
                0x00003d6e       0x18 ../drivers\libIotLibrary.a(lora_driver.o)
                0x00003d6e                lora_driver_mapReturnCodeToText
 .text.decode_port_no
                0x00003d86       0x58 ../drivers\libIotLibrary.a(lora_driver_utils.o)
                0x00003d86                decode_port_no
 .text.decode_hexadecimal_string_bytes
                0x00003dde       0x92 ../drivers\libIotLibrary.a(lora_driver_utils.o)
                0x00003dde                decode_hexadecimal_string_bytes
 .text.serial_create
                0x00003e70      0x138 ../drivers\libIotLibrary.a(serial.o)
                0x00003e70                serial_create
 .text.serial_sendByte
                0x00003fa8       0x56 ../drivers\libIotLibrary.a(serial.o)
                0x00003fa8                serial_sendByte
 .text.serial_sendBytes
                0x00003ffe       0xaa ../drivers\libIotLibrary.a(serial.o)
                0x00003ffe                serial_sendBytes
 .text.serial_getByte
                0x000040a8       0x40 ../drivers\libIotLibrary.a(serial.o)
                0x000040a8                serial_getByte
 .text.__vector_25
                0x000040e8       0xa4 ../drivers\libIotLibrary.a(serial.o)
                0x000040e8                __vector_25
 .text.__vector_26
                0x0000418c       0x88 ../drivers\libIotLibrary.a(serial.o)
                0x0000418c                __vector_26
 .text.__vector_36
                0x00004214       0xa4 ../drivers\libIotLibrary.a(serial.o)
                0x00004214                __vector_36
 .text.__vector_37
                0x000042b8       0x88 ../drivers\libIotLibrary.a(serial.o)
                0x000042b8                __vector_37
 .text.__vector_51
                0x00004340       0xa4 ../drivers\libIotLibrary.a(serial.o)
                0x00004340                __vector_51
 .text.__vector_52
                0x000043e4       0x88 ../drivers\libIotLibrary.a(serial.o)
                0x000043e4                __vector_52
 .text.__vector_54
                0x0000446c       0xa4 ../drivers\libIotLibrary.a(serial.o)
                0x0000446c                __vector_54
 .text.__vector_55
                0x00004510       0x88 ../drivers\libIotLibrary.a(serial.o)
                0x00004510                __vector_55
 .text.usart_getchar
                0x00004598       0x2a ../drivers\libIotLibrary.a(stdio_driver.o)
 .text.usart_putchar
                0x000045c2       0x12 ../drivers\libIotLibrary.a(stdio_driver.o)
 .text.stdio_initialise
                0x000045d4       0x52 ../drivers\libIotLibrary.a(stdio_driver.o)
                0x000045d4                stdio_initialise
 .text._turn_off
                0x00004626       0x98 ../drivers\libIotLibrary.a(status_leds.o)
 .text._turn_on
                0x000046be       0x98 ../drivers\libIotLibrary.a(status_leds.o)
 .text.status_leds_slowBlink
                0x00004756       0x46 ../drivers\libIotLibrary.a(status_leds.o)
                0x00004756                status_leds_slowBlink
 .text.status_leds_fastBlink
                0x0000479c       0x46 ../drivers\libIotLibrary.a(status_leds.o)
                0x0000479c                status_leds_fastBlink
 .text.status_leds_ledOn
                0x000047e2       0x1e ../drivers\libIotLibrary.a(status_leds.o)
                0x000047e2                status_leds_ledOn
 .text.status_leds_ledOff
                0x00004800       0x1e ../drivers\libIotLibrary.a(status_leds.o)
                0x00004800                status_leds_ledOff
 .text.status_leds_longPuls
                0x0000481e       0x24 ../drivers\libIotLibrary.a(status_leds.o)
                0x0000481e                status_leds_longPuls
 .text.status_leds_shortPuls
                0x00004842       0x22 ../drivers\libIotLibrary.a(status_leds.o)
                0x00004842                status_leds_shortPuls
 .text._initTwiInterface
                0x00004864       0x22 ../drivers\libIotLibrary.a(twi.o)
 .text.twiCreate
                0x00004886       0x9a ../drivers\libIotLibrary.a(twi.o)
                0x00004886                twiCreate
 .text.twiIsBusy
                0x00004920        0x8 ../drivers\libIotLibrary.a(twi.o)
                0x00004920                twiIsBusy
 .text.twiTransmit
                0x00004928       0x98 ../drivers\libIotLibrary.a(twi.o)
                0x00004928                twiTransmit
 .text.twiReceive
                0x000049c0       0x66 ../drivers\libIotLibrary.a(twi.o)
                0x000049c0                twiReceive
 .text.__vector_39
                0x00004a26      0x17a ../drivers\libIotLibrary.a(twi.o)
                0x00004a26                __vector_39
 .text.fifo_init
                0x00004ba0       0x38 ../drivers\libIotLibrary.a(fifo.o)
                0x00004ba0                fifo_init
 .text.avr-libc.fplib
                0x00004bd8       0x5e c:/program files (x86)/atmel/studio/7.0/toolchain/avr8/avr8-gnu-toolchain/bin/../lib/gcc/avr/5.4.0/../../../../avr/lib/avr6\libm.a(fixunssfsi.o)
                0x00004bd8                __fixunssfsi
 .text.avr-libc.fplib
                0x00004c36        0x6 c:/program files (x86)/atmel/studio/7.0/toolchain/avr8/avr8-gnu-toolchain/bin/../lib/gcc/avr/5.4.0/../../../../avr/lib/avr6\libm.a(mulsf3.o)
                0x00004c36                __mulsf3
 .text.avr-libc.fplib
                0x00004c3c       0xd2 c:/program files (x86)/atmel/studio/7.0/toolchain/avr8/avr8-gnu-toolchain/bin/../lib/gcc/avr/5.4.0/../../../../avr/lib/avr6\libm.a(mulsf3x.o)
                0x00004c5a                __mulsf3x
                0x00004c60                __mulsf3_pse
 .text.libgcc.div
                0x00004d0e       0x44 c:/program files (x86)/atmel/studio/7.0/toolchain/avr8/avr8-gnu-toolchain/bin/../lib/gcc/avr/5.4.0/avr6\libgcc.a(_udivmodsi4.o)
                0x00004d0e                __udivmodsi4
 .text.libgcc   0x00004d52       0x10 c:/program files (x86)/atmel/studio/7.0/toolchain/avr8/avr8-gnu-toolchain/bin/../lib/gcc/avr/5.4.0/avr6\libgcc.a(_tablejump2.o)
                0x00004d52                __tablejump2__
 .text.avr-libc
                0x00004d62      0x242 c:/program files (x86)/atmel/studio/7.0/toolchain/avr8/avr8-gnu-toolchain/bin/../lib/gcc/avr/5.4.0/../../../../avr/lib/avr6\libc.a(malloc.o)
                0x00004d62                malloc
                0x00004e92                free
 .text.avr-libc
                0x00004fa4        0x8 c:/program files (x86)/atmel/studio/7.0/toolchain/avr8/avr8-gnu-toolchain/bin/../lib/gcc/avr/5.4.0/../../../../avr/lib/avr6\libc.a(abort.o)
                0x00004fa4                abort
 .text.avr-libc
                0x00004fac       0x12 c:/program files (x86)/atmel/studio/7.0/toolchain/avr8/avr8-gnu-toolchain/bin/../lib/gcc/avr/5.4.0/../../../../avr/lib/avr6\libc.a(memcpy.o)
                0x00004fac                memcpy
 .text.avr-libc
                0x00004fbe        0xe c:/program files (x86)/atmel/studio/7.0/toolchain/avr8/avr8-gnu-toolchain/bin/../lib/gcc/avr/5.4.0/../../../../avr/lib/avr6\libc.a(memset.o)
                0x00004fbe                memset
 .text.avr-libc
                0x00004fcc       0x4a c:/program files (x86)/atmel/studio/7.0/toolchain/avr8/avr8-gnu-toolchain/bin/../lib/gcc/avr/5.4.0/../../../../avr/lib/avr6\libc.a(strcasestr.o)
                0x00004fcc                strcasestr
 .text.avr-libc
                0x00005016       0x16 c:/program files (x86)/atmel/studio/7.0/toolchain/avr8/avr8-gnu-toolchain/bin/../lib/gcc/avr/5.4.0/../../../../avr/lib/avr6\libc.a(strcat.o)
                0x00005016                strcat
 .text.avr-libc
                0x0000502c        0xe c:/program files (x86)/atmel/studio/7.0/toolchain/avr8/avr8-gnu-toolchain/bin/../lib/gcc/avr/5.4.0/../../../../avr/lib/avr6\libc.a(strcpy.o)
                0x0000502c                strcpy
 .text.avr-libc
                0x0000503a       0x30 c:/program files (x86)/atmel/studio/7.0/toolchain/avr8/avr8-gnu-toolchain/bin/../lib/gcc/avr/5.4.0/../../../../avr/lib/avr6\libc.a(strncasecmp.o)
                0x0000503a                strncasecmp
 .text.avr-libc
                0x0000506a       0x26 c:/program files (x86)/atmel/studio/7.0/toolchain/avr8/avr8-gnu-toolchain/bin/../lib/gcc/avr/5.4.0/../../../../avr/lib/avr6\libc.a(printf.o)
                0x0000506a                printf
 .text.avr-libc
                0x00005090       0x60 c:/program files (x86)/atmel/studio/7.0/toolchain/avr8/avr8-gnu-toolchain/bin/../lib/gcc/avr/5.4.0/../../../../avr/lib/avr6\libc.a(puts.o)
                0x00005090                puts
 .text.avr-libc
                0x000050f0       0x5c c:/program files (x86)/atmel/studio/7.0/toolchain/avr8/avr8-gnu-toolchain/bin/../lib/gcc/avr/5.4.0/../../../../avr/lib/avr6\libc.a(sprintf.o)
                0x000050f0                sprintf
 .text.avr-libc
                0x0000514c      0x3fa c:/program files (x86)/atmel/studio/7.0/toolchain/avr8/avr8-gnu-toolchain/bin/../lib/gcc/avr/5.4.0/../../../../avr/lib/avr6\libc.a(vfprintf_std.o)
                0x0000514c                vfprintf
 .text.avr-libc
                0x00005546       0x16 c:/program files (x86)/atmel/studio/7.0/toolchain/avr8/avr8-gnu-toolchain/bin/../lib/gcc/avr/5.4.0/../../../../avr/lib/avr6\libc.a(strnlen_P.o)
                0x00005546                strnlen_P
 .text.avr-libc
                0x0000555c       0x16 c:/program files (x86)/atmel/studio/7.0/toolchain/avr8/avr8-gnu-toolchain/bin/../lib/gcc/avr/5.4.0/../../../../avr/lib/avr6\libc.a(strnlen.o)
                0x0000555c                strnlen
 .text.avr-libc
                0x00005572       0x78 c:/program files (x86)/atmel/studio/7.0/toolchain/avr8/avr8-gnu-toolchain/bin/../lib/gcc/avr/5.4.0/../../../../avr/lib/avr6\libc.a(fputc.o)
                0x00005572                fputc
 .text.avr-libc
                0x000055ea       0xbc c:/program files (x86)/atmel/studio/7.0/toolchain/avr8/avr8-gnu-toolchain/bin/../lib/gcc/avr/5.4.0/../../../../avr/lib/avr6\libc.a(ultoa_invert.o)
                0x000055ea                __ultoa_invert
                0x000056a6                . = ALIGN (0x2)
 *(.fini9)
 .fini9         0x000056a6        0x0 c:/program files (x86)/atmel/studio/7.0/toolchain/avr8/avr8-gnu-toolchain/bin/../lib/gcc/avr/5.4.0/avr6\libgcc.a(_exit.o)
                0x000056a6                _exit
                0x000056a6                exit
 *(.fini9)
 *(.fini8)
 *(.fini8)
 *(.fini7)
 *(.fini7)
 *(.fini6)
 *(.fini6)
 *(.fini5)
 *(.fini5)
 *(.fini4)
 *(.fini4)
 *(.fini3)
 *(.fini3)
 *(.fini2)
 *(.fini2)
 *(.fini1)
 *(.fini1)
 *(.fini0)
 .fini0         0x000056a6        0x4 c:/program files (x86)/atmel/studio/7.0/toolchain/avr8/avr8-gnu-toolchain/bin/../lib/gcc/avr/5.4.0/avr6\libgcc.a(_exit.o)
 *(.fini0)
                0x000056aa                _etext = .

.data           0x00800200      0x52a load address 0x000056aa
                0x00800200                PROVIDE (__data_start, .)
 *(.data)
 .data          0x00800200        0x6 c:/program files (x86)/atmel/studio/7.0/toolchain/avr8/avr8-gnu-toolchain/bin/../lib/gcc/avr/5.4.0/../../../../avr/lib/avr6\libc.a(malloc.o)
                0x00800200                __malloc_heap_end
                0x00800202                __malloc_heap_start
                0x00800204                __malloc_margin
 *(.data*)
 .data.uxTopUsedPriority
                0x00800206        0x1 FreeRTOS/src/tasks.o
                0x00800206                uxTopUsedPriority
 .data._temp    0x00800207        0x2 ../drivers\libIotLibrary.a(hih8120.o)
 .data._hum     0x00800209        0x2 ../drivers\libIotLibrary.a(hih8120.o)
 .data._com_port_2_udr
                0x0080020b        0x8 ../drivers\libIotLibrary.a(serial.o)
                0x0080020b                _com_port_2_udr
 .data.mystdout.1882
                0x00800213        0xe ../drivers\libIotLibrary.a(stdio_driver.o)
 .data._twiCurrentState
                0x00800221        0x1 ../drivers\libIotLibrary.a(twi.o)
 *(.gnu.linkonce.d*)
 *(.rodata)
 .rodata        0x00800222       0x20 ../drivers\libIotLibrary.a(lora_driver.o)
 *(.rodata*)
 .rodata.str1.1
                0x00800242        0x5 FreeRTOS/src/tasks.o
 .rodata.str1.1
                0x00800247        0x8 FreeRTOS/src/timers.o
 .rodata.str1.1
                0x0080024f      0x16c TerrariumFiles/loRaWanHandler.o
 .rodata.str1.1
                0x008003bb       0x5f TerrariumFiles/temperature_Sensor.o
 .rodata.str1.1
                0x0080041a       0x44 main.o
 .rodata.str1.1
                0x0080045e      0x295 ../drivers\libIotLibrary.a(lora_driver.o)
                                0x2a5 (size before relaxing)
 .rodata._joinMode
                0x008006f3        0x4 ../drivers\libIotLibrary.a(lora_driver.o)
 .rodata._returnCode
                0x008006f7       0x33 ../drivers\libIotLibrary.a(lora_driver.o)
                0x008006f7                _returnCode
 *(.gnu.linkonce.r*)
                0x0080072a                . = ALIGN (0x2)
                0x0080072a                _edata = .
                0x0080072a                PROVIDE (__data_end, .)

.bss            0x0080072a     0x104b
                0x0080072a                PROVIDE (__bss_start, .)
 *(.bss)
 *(.bss*)
 .bss.xBlockAllocatedBit
                0x0080072a        0x2 FreeRTOS/src/heap_4.o
 .bss.xNumberOfSuccessfulFrees
                0x0080072c        0x2 FreeRTOS/src/heap_4.o
 .bss.xNumberOfSuccessfulAllocations
                0x0080072e        0x2 FreeRTOS/src/heap_4.o
 .bss.xMinimumEverFreeBytesRemaining
                0x00800730        0x2 FreeRTOS/src/heap_4.o
 .bss.xFreeBytesRemaining
                0x00800732        0x2 FreeRTOS/src/heap_4.o
 .bss.pxEnd     0x00800734        0x2 FreeRTOS/src/heap_4.o
 .bss.xStart    0x00800736        0x4 FreeRTOS/src/heap_4.o
 .bss.ucHeap    0x0080073a      0xdac FreeRTOS/src/heap_4.o
 .bss.uxSchedulerSuspended
                0x008014e6        0x1 FreeRTOS/src/tasks.o
 .bss.xIdleTaskHandle
                0x008014e7        0x2 FreeRTOS/src/tasks.o
 .bss.xNextTaskUnblockTime
                0x008014e9        0x4 FreeRTOS/src/tasks.o
 .bss.uxTaskNumber
                0x008014ed        0x1 FreeRTOS/src/tasks.o
 .bss.xNumOfOverflows
                0x008014ee        0x1 FreeRTOS/src/tasks.o
 .bss.xYieldPending
                0x008014ef        0x1 FreeRTOS/src/tasks.o
 .bss.xPendedTicks
                0x008014f0        0x4 FreeRTOS/src/tasks.o
 .bss.xSchedulerRunning
                0x008014f4        0x1 FreeRTOS/src/tasks.o
 .bss.uxTopReadyPriority
                0x008014f5        0x1 FreeRTOS/src/tasks.o
 .bss.xTickCount
                0x008014f6        0x4 FreeRTOS/src/tasks.o
 .bss.uxCurrentNumberOfTasks
                0x008014fa        0x1 FreeRTOS/src/tasks.o
 .bss.xSuspendedTaskList
                0x008014fb        0xb FreeRTOS/src/tasks.o
 .bss.uxDeletedTasksWaitingCleanUp
                0x00801506        0x1 FreeRTOS/src/tasks.o
 .bss.xTasksWaitingTermination
                0x00801507        0xb FreeRTOS/src/tasks.o
 .bss.xPendingReadyList
                0x00801512        0xb FreeRTOS/src/tasks.o
 .bss.pxOverflowDelayedTaskList
                0x0080151d        0x2 FreeRTOS/src/tasks.o
 .bss.pxDelayedTaskList
                0x0080151f        0x2 FreeRTOS/src/tasks.o
 .bss.xDelayedTaskList2
                0x00801521        0xb FreeRTOS/src/tasks.o
 .bss.xDelayedTaskList1
                0x0080152c        0xb FreeRTOS/src/tasks.o
 .bss.pxReadyTasksLists
                0x00801537       0x6e FreeRTOS/src/tasks.o
 .bss.pxCurrentTCB
                0x008015a5        0x2 FreeRTOS/src/tasks.o
                0x008015a5                pxCurrentTCB
 .bss.xLastTime.2436
                0x008015a7        0x4 FreeRTOS/src/timers.o
 .bss.xTimerTaskHandle
                0x008015ab        0x2 FreeRTOS/src/timers.o
 .bss.xTimerQueue
                0x008015ad        0x2 FreeRTOS/src/timers.o
 .bss.pxOverflowTimerList
                0x008015af        0x2 FreeRTOS/src/timers.o
 .bss.pxCurrentTimerList
                0x008015b1        0x2 FreeRTOS/src/timers.o
 .bss.xActiveTimerList2
                0x008015b3        0xb FreeRTOS/src/timers.o
 .bss.xActiveTimerList1
                0x008015be        0xb FreeRTOS/src/timers.o
 .bss._uplink_payload
                0x008015c9       0x16 TerrariumFiles/loRaWanHandler.o
 .bss._out_buf  0x008015df       0x64 TerrariumFiles/loRaWanHandler.o
 .bss.loRaWanHandle
                0x00801643        0x2 main.o
                0x00801643                loRaWanHandle
 .bss.tempSensorHandle
                0x00801645        0x2 main.o
                0x00801645                tempSensorHandle
 .bss._measuringIsReady
                0x00801647        0x1 ../drivers\libIotLibrary.a(hih8120.o)
 .bss._hih8120Handler
                0x00801648        0x2 ../drivers\libIotLibrary.a(hih8120.o)
 .bss._tmp_buf.2871
                0x0080164a       0x37 ../drivers\libIotLibrary.a(lora_driver.o)
 .bss.rec_buf_inp.2878
                0x00801681        0x1 ../drivers\libIotLibrary.a(lora_driver.o)
 .bss._downlinkMessageBuffer
                0x00801682        0x2 ../drivers\libIotLibrary.a(lora_driver.o)
 .bss._serialReplyBufferHandle
                0x00801684        0x2 ../drivers\libIotLibrary.a(lora_driver.o)
 .bss._rn2483_serial
                0x00801686        0x2 ../drivers\libIotLibrary.a(lora_driver.o)
 .bss._downlinkPayload
                0x00801688       0x16 ../drivers\libIotLibrary.a(lora_driver.o)
 .bss._payLoadHexBytes
                0x0080169e       0x15 ../drivers\libIotLibrary.a(lora_driver.o)
 .bss._recMessageBuf
                0x008016b3       0x2d ../drivers\libIotLibrary.a(lora_driver.o)
 .bss._sendMessage
                0x008016e0       0x2d ../drivers\libIotLibrary.a(lora_driver.o)
 .bss._replyMess
                0x0080170d       0x2d ../drivers\libIotLibrary.a(lora_driver.o)
 .bss._ser_handle
                0x0080173a        0x8 ../drivers\libIotLibrary.a(serial.o)
 .bss._com_serial_instance
                0x00801742        0x2 ../drivers\libIotLibrary.a(stdio_driver.o)
 .bss._led_status
                0x00801744       0x18 ../drivers\libIotLibrary.a(status_leds.o)
 .bss._index.1885
                0x0080175c        0x1 ../drivers\libIotLibrary.a(twi.o)
 .bss._twiCurrentHandler
                0x0080175d        0x2 ../drivers\libIotLibrary.a(twi.o)
 .bss._twiMessageLen
                0x0080175f        0x1 ../drivers\libIotLibrary.a(twi.o)
 .bss._twiMessageBuffer
                0x00801760        0xa ../drivers\libIotLibrary.a(twi.o)
 .bss._twiIsInitiated
                0x0080176a        0x1 ../drivers\libIotLibrary.a(twi.o)
 *(COMMON)
 COMMON         0x0080176b        0x4 c:/program files (x86)/atmel/studio/7.0/toolchain/avr8/avr8-gnu-toolchain/bin/../lib/gcc/avr/5.4.0/../../../../avr/lib/avr6\libc.a(malloc.o)
                0x0080176b                __brkval
                0x0080176d                __flp
 COMMON         0x0080176f        0x6 c:/program files (x86)/atmel/studio/7.0/toolchain/avr8/avr8-gnu-toolchain/bin/../lib/gcc/avr/5.4.0/../../../../avr/lib/avr6\libc.a(iob.o)
                0x0080176f                __iob
                0x00801775                PROVIDE (__bss_end, .)
                0x000056aa                __data_load_start = LOADADDR (.data)
                0x00005bd4                __data_load_end = (__data_load_start + SIZEOF (.data))

.noinit         0x00801775        0x0
                [!provide]                PROVIDE (__noinit_start, .)
 *(.noinit*)
                [!provide]                PROVIDE (__noinit_end, .)
                0x00801775                _end = .
                0x00801775                PROVIDE (__heap_start, .)

.eeprom         0x00810000        0x0
 *(.eeprom*)
                0x00810000                __eeprom_end = .

.fuse
 *(.fuse)
 *(.lfuse)
 *(.hfuse)
 *(.efuse)

.lock
 *(.lock*)

.signature
 *(.signature*)

.user_signatures
 *(.user_signatures*)

.stab
 *(.stab)

.stabstr
 *(.stabstr)

.stab.excl
 *(.stab.excl)

.stab.exclstr
 *(.stab.exclstr)

.stab.index
 *(.stab.index)

.stab.indexstr
 *(.stab.indexstr)

.comment        0x00000000       0x5c
 *(.comment)
 .comment       0x00000000       0x30 FreeRTOS/FreeRTOSTraceDriver/FreeRTOSTraceDriver.o
                                 0x31 (size before relaxing)
 .comment       0x00000030       0x31 FreeRTOS/src/heap_4.o
 .comment       0x00000030       0x31 FreeRTOS/src/list.o
 .comment       0x00000030       0x31 FreeRTOS/src/port.o
 .comment       0x00000030       0x31 FreeRTOS/src/queue.o
 .comment       0x00000030       0x31 FreeRTOS/src/stream_buffer.o
 .comment       0x00000030       0x31 FreeRTOS/src/tasks.o
 .comment       0x00000030       0x31 FreeRTOS/src/timers.o
 .comment       0x00000030       0x31 FreeRTOS/src/variantHooks.o
 .comment       0x00000030       0x31 TerrariumFiles/loRaWanHandler.o
 .comment       0x00000030       0x31 TerrariumFiles/temperature_Sensor.o
 .comment       0x00000030       0x31 main.o
 .comment       0x00000030       0x31 ../drivers\libIotLibrary.a(hih8120.o)
 .comment       0x00000030       0x31 ../drivers\libIotLibrary.a(lora_driver.o)
 .comment       0x00000030       0x31 ../drivers\libIotLibrary.a(lora_driver_utils.o)
 .comment       0x00000030       0x31 ../drivers\libIotLibrary.a(serial.o)
 .comment       0x00000030       0x31 ../drivers\libIotLibrary.a(stdio_driver.o)
 .comment       0x00000030       0x31 ../drivers\libIotLibrary.a(status_leds.o)
 .comment       0x00000030       0x31 ../drivers\libIotLibrary.a(twi.o)
 .comment       0x00000030       0x31 ../drivers\libIotLibrary.a(fifo.o)
 .comment       0x00000030       0x31 c:/program files (x86)/atmel/studio/7.0/toolchain/avr8/avr8-gnu-toolchain/bin/../lib/gcc/avr/5.4.0/../../../../avr/lib/avr6\libc.a(malloc.o)
 .comment       0x00000030       0x31 c:/program files (x86)/atmel/studio/7.0/toolchain/avr8/avr8-gnu-toolchain/bin/../lib/gcc/avr/5.4.0/../../../../avr/lib/avr6\libc.a(iob.o)
 .comment       0x00000030       0x31 c:/program files (x86)/atmel/studio/7.0/toolchain/avr8/avr8-gnu-toolchain/bin/../lib/gcc/avr/5.4.0/../../../../avr/lib/avr6\libc.a(printf.o)
 .comment       0x00000030       0x31 c:/program files (x86)/atmel/studio/7.0/toolchain/avr8/avr8-gnu-toolchain/bin/../lib/gcc/avr/5.4.0/../../../../avr/lib/avr6\libc.a(puts.o)
 .comment       0x00000030       0x31 c:/program files (x86)/atmel/studio/7.0/toolchain/avr8/avr8-gnu-toolchain/bin/../lib/gcc/avr/5.4.0/../../../../avr/lib/avr6\libc.a(sprintf.o)
 .comment       0x00000030       0x2c c:/program files (x86)/atmel/studio/7.0/toolchain/avr8/avr8-gnu-toolchain/bin/../lib/gcc/avr/5.4.0/../../../../avr/lib/avr6\libc.a(vfprintf_std.o)
                                 0x2d (size before relaxing)
 .comment       0x0000005c       0x31 c:/program files (x86)/atmel/studio/7.0/toolchain/avr8/avr8-gnu-toolchain/bin/../lib/gcc/avr/5.4.0/../../../../avr/lib/avr6\libc.a(fputc.o)

.note.gnu.avr.deviceinfo
                0x00000000       0x40
 .note.gnu.avr.deviceinfo
                0x00000000       0x40 C:/Program Files (x86)/Atmel/Studio/7.0/Packs/Atmel/ATmega_DFP/1.7.374/gcc/dev/atmega2560/avr6/crtatmega2560.o

.note.gnu.build-id
 *(.note.gnu.build-id)

.debug
 *(.debug)

.line
 *(.line)

.debug_srcinfo
 *(.debug_srcinfo)

.debug_sfnames
 *(.debug_sfnames)

.debug_aranges  0x00000000      0x980
 *(.debug_aranges)
 .debug_aranges
                0x00000000       0x20 FreeRTOS/FreeRTOSTraceDriver/FreeRTOSTraceDriver.o
 .debug_aranges
                0x00000020       0x58 FreeRTOS/src/heap_4.o
 .debug_aranges
                0x00000078       0x40 FreeRTOS/src/list.o
 .debug_aranges
                0x000000b8       0x58 FreeRTOS/src/port.o
 .debug_aranges
                0x00000110       0xf8 FreeRTOS/src/queue.o
 .debug_aranges
                0x00000208       0xc0 FreeRTOS/src/stream_buffer.o
 .debug_aranges
                0x000002c8      0x1d0 FreeRTOS/src/tasks.o
 .debug_aranges
                0x00000498       0xc8 FreeRTOS/src/timers.o
 .debug_aranges
                0x00000560       0x40 FreeRTOS/src/variantHooks.o
 .debug_aranges
                0x000005a0       0x30 TerrariumFiles/loRaWanHandler.o
 .debug_aranges
                0x000005d0       0x28 TerrariumFiles/temperature_Sensor.o
 .debug_aranges
                0x000005f8       0x20 main.o
 .debug_aranges
                0x00000618       0x68 ../drivers\libIotLibrary.a(hih8120.o)
 .debug_aranges
                0x00000680      0x138 ../drivers\libIotLibrary.a(lora_driver.o)
 .debug_aranges
                0x000007b8       0x28 ../drivers\libIotLibrary.a(lora_driver_utils.o)
 .debug_aranges
                0x000007e0       0x90 ../drivers\libIotLibrary.a(serial.o)
 .debug_aranges
                0x00000870       0x38 ../drivers\libIotLibrary.a(stdio_driver.o)
 .debug_aranges
                0x000008a8       0x68 ../drivers\libIotLibrary.a(status_leds.o)
 .debug_aranges
                0x00000910       0x50 ../drivers\libIotLibrary.a(twi.o)
 .debug_aranges
                0x00000960       0x20 ../drivers\libIotLibrary.a(fifo.o)

.debug_pubnames
 *(.debug_pubnames)

.debug_info     0x00000000     0xbe65
 *(.debug_info .gnu.linkonce.wi.*)
 .debug_info    0x00000000      0xbbc C:/Program Files (x86)/Atmel/Studio/7.0/Packs/Atmel/ATmega_DFP/1.7.374/gcc/dev/atmega2560/avr6/crtatmega2560.o
 .debug_info    0x00000bbc       0x78 FreeRTOS/FreeRTOSTraceDriver/FreeRTOSTraceDriver.o
 .debug_info    0x00000c34      0x4e6 FreeRTOS/src/heap_4.o
 .debug_info    0x0000111a      0x2e7 FreeRTOS/src/list.o
 .debug_info    0x00001401      0x2ff FreeRTOS/src/port.o
 .debug_info    0x00001700     0x17e6 FreeRTOS/src/queue.o
 .debug_info    0x00002ee6     0x13df FreeRTOS/src/stream_buffer.o
 .debug_info    0x000042c5     0x2239 FreeRTOS/src/tasks.o
 .debug_info    0x000064fe     0x10dd FreeRTOS/src/timers.o
 .debug_info    0x000075db      0x20f FreeRTOS/src/variantHooks.o
 .debug_info    0x000077ea      0x792 TerrariumFiles/loRaWanHandler.o
 .debug_info    0x00007f7c      0x236 TerrariumFiles/temperature_Sensor.o
 .debug_info    0x000081b2      0x2ec main.o
 .debug_info    0x0000849e      0x3a9 ../drivers\libIotLibrary.a(hih8120.o)
 .debug_info    0x00008847     0x1747 ../drivers\libIotLibrary.a(lora_driver.o)
 .debug_info    0x00009f8e      0x143 ../drivers\libIotLibrary.a(lora_driver_utils.o)
 .debug_info    0x0000a0d1      0xd9c ../drivers\libIotLibrary.a(serial.o)
 .debug_info    0x0000ae6d      0x3b6 ../drivers\libIotLibrary.a(stdio_driver.o)
 .debug_info    0x0000b223      0x522 ../drivers\libIotLibrary.a(status_leds.o)
 .debug_info    0x0000b745      0x55d ../drivers\libIotLibrary.a(twi.o)
 .debug_info    0x0000bca2      0x1c3 ../drivers\libIotLibrary.a(fifo.o)

.debug_abbrev   0x00000000     0x2df4
 *(.debug_abbrev)
 .debug_abbrev  0x00000000      0xb1a C:/Program Files (x86)/Atmel/Studio/7.0/Packs/Atmel/ATmega_DFP/1.7.374/gcc/dev/atmega2560/avr6/crtatmega2560.o
 .debug_abbrev  0x00000b1a       0x44 FreeRTOS/FreeRTOSTraceDriver/FreeRTOSTraceDriver.o
 .debug_abbrev  0x00000b5e      0x200 FreeRTOS/src/heap_4.o
 .debug_abbrev  0x00000d5e       0xff FreeRTOS/src/list.o
 .debug_abbrev  0x00000e5d      0x179 FreeRTOS/src/port.o
 .debug_abbrev  0x00000fd6      0x241 FreeRTOS/src/queue.o
 .debug_abbrev  0x00001217      0x246 FreeRTOS/src/stream_buffer.o
 .debug_abbrev  0x0000145d      0x2c8 FreeRTOS/src/tasks.o
 .debug_abbrev  0x00001725      0x28c FreeRTOS/src/timers.o
 .debug_abbrev  0x000019b1       0xff FreeRTOS/src/variantHooks.o
 .debug_abbrev  0x00001ab0      0x1b6 TerrariumFiles/loRaWanHandler.o
 .debug_abbrev  0x00001c66       0xfe TerrariumFiles/temperature_Sensor.o
 .debug_abbrev  0x00001d64      0x133 main.o
 .debug_abbrev  0x00001e97      0x184 ../drivers\libIotLibrary.a(hih8120.o)
 .debug_abbrev  0x0000201b      0x33b ../drivers\libIotLibrary.a(lora_driver.o)
 .debug_abbrev  0x00002356       0xc0 ../drivers\libIotLibrary.a(lora_driver_utils.o)
 .debug_abbrev  0x00002416      0x355 ../drivers\libIotLibrary.a(serial.o)
 .debug_abbrev  0x0000276b      0x1b3 ../drivers\libIotLibrary.a(stdio_driver.o)
 .debug_abbrev  0x0000291e      0x1d7 ../drivers\libIotLibrary.a(status_leds.o)
 .debug_abbrev  0x00002af5      0x217 ../drivers\libIotLibrary.a(twi.o)
 .debug_abbrev  0x00002d0c       0xe8 ../drivers\libIotLibrary.a(fifo.o)

.debug_line     0x00000000     0x5ebf
 *(.debug_line .debug_line.* .debug_line_end)
 .debug_line    0x00000000      0x1fa C:/Program Files (x86)/Atmel/Studio/7.0/Packs/Atmel/ATmega_DFP/1.7.374/gcc/dev/atmega2560/avr6/crtatmega2560.o
 .debug_line    0x000001fa       0x63 FreeRTOS/FreeRTOSTraceDriver/FreeRTOSTraceDriver.o
 .debug_line    0x0000025d      0x41f FreeRTOS/src/heap_4.o
 .debug_line    0x0000067c      0x1db FreeRTOS/src/list.o
 .debug_line    0x00000857      0x28a FreeRTOS/src/port.o
 .debug_line    0x00000ae1      0xbe3 FreeRTOS/src/queue.o
 .debug_line    0x000016c4      0x79a FreeRTOS/src/stream_buffer.o
 .debug_line    0x00001e5e     0x15ba FreeRTOS/src/tasks.o
 .debug_line    0x00003418      0x624 FreeRTOS/src/timers.o
 .debug_line    0x00003a3c      0x1af FreeRTOS/src/variantHooks.o
 .debug_line    0x00003beb      0x26a TerrariumFiles/loRaWanHandler.o
 .debug_line    0x00003e55      0x1a5 TerrariumFiles/temperature_Sensor.o
 .debug_line    0x00003ffa      0x1f2 main.o
 .debug_line    0x000041ec      0x24a ../drivers\libIotLibrary.a(hih8120.o)
 .debug_line    0x00004436      0x9aa ../drivers\libIotLibrary.a(lora_driver.o)
 .debug_line    0x00004de0      0x195 ../drivers\libIotLibrary.a(lora_driver_utils.o)
 .debug_line    0x00004f75      0x6a1 ../drivers\libIotLibrary.a(serial.o)
 .debug_line    0x00005616      0x146 ../drivers\libIotLibrary.a(stdio_driver.o)
 .debug_line    0x0000575c      0x32c ../drivers\libIotLibrary.a(status_leds.o)
 .debug_line    0x00005a88      0x31c ../drivers\libIotLibrary.a(twi.o)
 .debug_line    0x00005da4      0x11b ../drivers\libIotLibrary.a(fifo.o)

.debug_frame    0x00000000     0x2340
 *(.debug_frame)
 .debug_frame   0x00000000       0x24 FreeRTOS/FreeRTOSTraceDriver/FreeRTOSTraceDriver.o
 .debug_frame   0x00000024       0xfc FreeRTOS/src/heap_4.o
 .debug_frame   0x00000120       0x90 FreeRTOS/src/list.o
 .debug_frame   0x000001b0       0x94 FreeRTOS/src/port.o
 .debug_frame   0x00000244      0x3a4 FreeRTOS/src/queue.o
 .debug_frame   0x000005e8      0x40c FreeRTOS/src/stream_buffer.o
 .debug_frame   0x000009f4      0x7a0 FreeRTOS/src/tasks.o
 .debug_frame   0x00001194      0x3ac FreeRTOS/src/timers.o
 .debug_frame   0x00001540       0x64 FreeRTOS/src/variantHooks.o
 .debug_frame   0x000015a4      0x110 TerrariumFiles/loRaWanHandler.o
 .debug_frame   0x000016b4       0x9c TerrariumFiles/temperature_Sensor.o
 .debug_frame   0x00001750       0x34 main.o
 .debug_frame   0x00001784       0xc0 ../drivers\libIotLibrary.a(hih8120.o)
 .debug_frame   0x00001844      0x460 ../drivers\libIotLibrary.a(lora_driver.o)
 .debug_frame   0x00001ca4       0x48 ../drivers\libIotLibrary.a(lora_driver_utils.o)
 .debug_frame   0x00001cec      0x384 ../drivers\libIotLibrary.a(serial.o)
 .debug_frame   0x00002070       0x94 ../drivers\libIotLibrary.a(stdio_driver.o)
 .debug_frame   0x00002104       0xec ../drivers\libIotLibrary.a(status_leds.o)
 .debug_frame   0x000021f0      0x12c ../drivers\libIotLibrary.a(twi.o)
 .debug_frame   0x0000231c       0x24 ../drivers\libIotLibrary.a(fifo.o)

.debug_str      0x00000000     0x3c64
 *(.debug_str)
 .debug_str     0x00000000      0x3e6 C:/Program Files (x86)/Atmel/Studio/7.0/Packs/Atmel/ATmega_DFP/1.7.374/gcc/dev/atmega2560/avr6/crtatmega2560.o
 .debug_str     0x000003e6      0x172 FreeRTOS/FreeRTOSTraceDriver/FreeRTOSTraceDriver.o
                                0x1a6 (size before relaxing)
 .debug_str     0x00000558      0x329 FreeRTOS/src/heap_4.o
                                0x49e (size before relaxing)
 .debug_str     0x00000881      0x135 FreeRTOS/src/list.o
                                0x2da (size before relaxing)
 .debug_str     0x000009b6      0x16e FreeRTOS/src/port.o
                                0x30f (size before relaxing)
 .debug_str     0x00000b24      0x672 FreeRTOS/src/queue.o
                                0x94e (size before relaxing)
 .debug_str     0x00001196      0x4ed FreeRTOS/src/stream_buffer.o
                                0x7d7 (size before relaxing)
 .debug_str     0x00001683      0x941 FreeRTOS/src/tasks.o
                                0xf6f (size before relaxing)
 .debug_str     0x00001fc4      0x414 FreeRTOS/src/timers.o
                                0x845 (size before relaxing)
 .debug_str     0x000023d8       0x81 FreeRTOS/src/variantHooks.o
                                0x286 (size before relaxing)
 .debug_str     0x00002459      0x483 TerrariumFiles/loRaWanHandler.o
                                0x692 (size before relaxing)
 .debug_str     0x000028dc       0xf3 TerrariumFiles/temperature_Sensor.o
                                0x290 (size before relaxing)
 .debug_str     0x000029cf       0xd8 main.o
                                0x340 (size before relaxing)
 .debug_str     0x00002aa7      0x311 ../drivers\libIotLibrary.a(hih8120.o)
                                0x45c (size before relaxing)
 .debug_str     0x00002db8      0x695 ../drivers\libIotLibrary.a(lora_driver.o)
                                0xcdb (size before relaxing)
 .debug_str     0x0000344d       0x54 ../drivers\libIotLibrary.a(lora_driver_utils.o)
                                0x206 (size before relaxing)
 .debug_str     0x000034a1      0x2f1 ../drivers\libIotLibrary.a(serial.o)
                                0x628 (size before relaxing)
 .debug_str     0x00003792       0xa6 ../drivers\libIotLibrary.a(stdio_driver.o)
                                0x37d (size before relaxing)
 .debug_str     0x00003838      0x11b ../drivers\libIotLibrary.a(status_leds.o)
                                0x381 (size before relaxing)
 .debug_str     0x00003953      0x2ef ../drivers\libIotLibrary.a(twi.o)
                                0x5b4 (size before relaxing)
 .debug_str     0x00003c42       0x22 ../drivers\libIotLibrary.a(fifo.o)
                                0x239 (size before relaxing)

.debug_loc      0x00000000     0xb320
 *(.debug_loc)
 .debug_loc     0x00000000      0x4be FreeRTOS/src/heap_4.o
 .debug_loc     0x000004be      0x17d FreeRTOS/src/list.o
 .debug_loc     0x0000063b       0xf6 FreeRTOS/src/port.o
 .debug_loc     0x00000731     0x1abd FreeRTOS/src/queue.o
 .debug_loc     0x000021ee     0x1daf FreeRTOS/src/stream_buffer.o
 .debug_loc     0x00003f9d     0x2a07 FreeRTOS/src/tasks.o
 .debug_loc     0x000069a4     0x10f3 FreeRTOS/src/timers.o
 .debug_loc     0x00007a97       0xdc FreeRTOS/src/variantHooks.o
 .debug_loc     0x00007b73      0x3fe TerrariumFiles/loRaWanHandler.o
 .debug_loc     0x00007f71      0x2af TerrariumFiles/temperature_Sensor.o
 .debug_loc     0x00008220       0x3c main.o
 .debug_loc     0x0000825c       0x9f ../drivers\libIotLibrary.a(hih8120.o)
 .debug_loc     0x000082fb     0x1216 ../drivers\libIotLibrary.a(lora_driver.o)
 .debug_loc     0x00009511      0x1d2 ../drivers\libIotLibrary.a(lora_driver_utils.o)
 .debug_loc     0x000096e3     0x114c ../drivers\libIotLibrary.a(serial.o)
 .debug_loc     0x0000a82f      0x18c ../drivers\libIotLibrary.a(stdio_driver.o)
 .debug_loc     0x0000a9bb      0x292 ../drivers\libIotLibrary.a(status_leds.o)
 .debug_loc     0x0000ac4d      0x575 ../drivers\libIotLibrary.a(twi.o)
 .debug_loc     0x0000b1c2      0x15e ../drivers\libIotLibrary.a(fifo.o)

.debug_macinfo
 *(.debug_macinfo)

.debug_weaknames
 *(.debug_weaknames)

.debug_funcnames
 *(.debug_funcnames)

.debug_typenames
 *(.debug_typenames)

.debug_varnames
 *(.debug_varnames)

.debug_pubtypes
 *(.debug_pubtypes)

.debug_ranges   0x00000000      0x8f8
 *(.debug_ranges)
 .debug_ranges  0x00000000       0x10 FreeRTOS/FreeRTOSTraceDriver/FreeRTOSTraceDriver.o
 .debug_ranges  0x00000010       0x48 FreeRTOS/src/heap_4.o
 .debug_ranges  0x00000058       0x30 FreeRTOS/src/list.o
 .debug_ranges  0x00000088       0x48 FreeRTOS/src/port.o
 .debug_ranges  0x000000d0      0x130 FreeRTOS/src/queue.o
 .debug_ranges  0x00000200       0xb0 FreeRTOS/src/stream_buffer.o
 .debug_ranges  0x000002b0      0x200 FreeRTOS/src/tasks.o
 .debug_ranges  0x000004b0       0xb8 FreeRTOS/src/timers.o
 .debug_ranges  0x00000568       0x30 FreeRTOS/src/variantHooks.o
 .debug_ranges  0x00000598       0x20 TerrariumFiles/loRaWanHandler.o
 .debug_ranges  0x000005b8       0x18 TerrariumFiles/temperature_Sensor.o
 .debug_ranges  0x000005d0       0x10 main.o
 .debug_ranges  0x000005e0       0x58 ../drivers\libIotLibrary.a(hih8120.o)
 .debug_ranges  0x00000638      0x128 ../drivers\libIotLibrary.a(lora_driver.o)
 .debug_ranges  0x00000760       0x30 ../drivers\libIotLibrary.a(lora_driver_utils.o)
 .debug_ranges  0x00000790       0x98 ../drivers\libIotLibrary.a(serial.o)
 .debug_ranges  0x00000828       0x28 ../drivers\libIotLibrary.a(stdio_driver.o)
 .debug_ranges  0x00000850       0x58 ../drivers\libIotLibrary.a(status_leds.o)
 .debug_ranges  0x000008a8       0x40 ../drivers\libIotLibrary.a(twi.o)
 .debug_ranges  0x000008e8       0x10 ../drivers\libIotLibrary.a(fifo.o)

.debug_macro
 *(.debug_macro)
OUTPUT(4SemesterV2.elf elf32-avr)
LOAD linker stubs
